Archive member included to satisfy reference by file (symbol)

c:/program files (custom)/arm-gnu-toolchain/bin/../lib/gcc/arm-none-eabi/12.2.1/thumb/v7-m/nofp\libc_nano.a(libc_a-exit.o)
                              c:/program files (custom)/arm-gnu-toolchain/bin/../lib/gcc/arm-none-eabi/12.2.1/thumb/v7-m/nofp/crt0.o (exit)
c:/program files (custom)/arm-gnu-toolchain/bin/../lib/gcc/arm-none-eabi/12.2.1/thumb/v7-m/nofp\libc_nano.a(libc_a-findfp.o)
                              c:/program files (custom)/arm-gnu-toolchain/bin/../lib/gcc/arm-none-eabi/12.2.1/thumb/v7-m/nofp\libc_nano.a(libc_a-exit.o) (__stdio_exit_handler)
c:/program files (custom)/arm-gnu-toolchain/bin/../lib/gcc/arm-none-eabi/12.2.1/thumb/v7-m/nofp\libc_nano.a(libc_a-fwalk.o)
                              c:/program files (custom)/arm-gnu-toolchain/bin/../lib/gcc/arm-none-eabi/12.2.1/thumb/v7-m/nofp\libc_nano.a(libc_a-findfp.o) (_fwalk_sglue)
c:/program files (custom)/arm-gnu-toolchain/bin/../lib/gcc/arm-none-eabi/12.2.1/thumb/v7-m/nofp\libc_nano.a(libc_a-stdio.o)
                              c:/program files (custom)/arm-gnu-toolchain/bin/../lib/gcc/arm-none-eabi/12.2.1/thumb/v7-m/nofp\libc_nano.a(libc_a-findfp.o) (__sread)
c:/program files (custom)/arm-gnu-toolchain/bin/../lib/gcc/arm-none-eabi/12.2.1/thumb/v7-m/nofp\libc_nano.a(libc_a-memset.o)
                              c:/program files (custom)/arm-gnu-toolchain/bin/../lib/gcc/arm-none-eabi/12.2.1/thumb/v7-m/nofp/crt0.o (memset)
c:/program files (custom)/arm-gnu-toolchain/bin/../lib/gcc/arm-none-eabi/12.2.1/thumb/v7-m/nofp\libc_nano.a(libc_a-closer.o)
                              c:/program files (custom)/arm-gnu-toolchain/bin/../lib/gcc/arm-none-eabi/12.2.1/thumb/v7-m/nofp\libc_nano.a(libc_a-stdio.o) (_close_r)
c:/program files (custom)/arm-gnu-toolchain/bin/../lib/gcc/arm-none-eabi/12.2.1/thumb/v7-m/nofp\libc_nano.a(libc_a-reent.o)
                              c:/program files (custom)/arm-gnu-toolchain/bin/../lib/gcc/arm-none-eabi/12.2.1/thumb/v7-m/nofp\libc_nano.a(libc_a-closer.o) (errno)
c:/program files (custom)/arm-gnu-toolchain/bin/../lib/gcc/arm-none-eabi/12.2.1/thumb/v7-m/nofp\libc_nano.a(libc_a-impure.o)
                              c:/program files (custom)/arm-gnu-toolchain/bin/../lib/gcc/arm-none-eabi/12.2.1/thumb/v7-m/nofp\libc_nano.a(libc_a-reent.o) (_impure_ptr)
c:/program files (custom)/arm-gnu-toolchain/bin/../lib/gcc/arm-none-eabi/12.2.1/thumb/v7-m/nofp\libc_nano.a(libc_a-lseekr.o)
                              c:/program files (custom)/arm-gnu-toolchain/bin/../lib/gcc/arm-none-eabi/12.2.1/thumb/v7-m/nofp\libc_nano.a(libc_a-stdio.o) (_lseek_r)
c:/program files (custom)/arm-gnu-toolchain/bin/../lib/gcc/arm-none-eabi/12.2.1/thumb/v7-m/nofp\libc_nano.a(libc_a-readr.o)
                              c:/program files (custom)/arm-gnu-toolchain/bin/../lib/gcc/arm-none-eabi/12.2.1/thumb/v7-m/nofp\libc_nano.a(libc_a-stdio.o) (_read_r)
c:/program files (custom)/arm-gnu-toolchain/bin/../lib/gcc/arm-none-eabi/12.2.1/thumb/v7-m/nofp\libc_nano.a(libc_a-writer.o)
                              c:/program files (custom)/arm-gnu-toolchain/bin/../lib/gcc/arm-none-eabi/12.2.1/thumb/v7-m/nofp\libc_nano.a(libc_a-stdio.o) (_write_r)
c:/program files (custom)/arm-gnu-toolchain/bin/../lib/gcc/arm-none-eabi/12.2.1/thumb/v7-m/nofp\libc_nano.a(libc_a-init.o)
                              c:/program files (custom)/arm-gnu-toolchain/bin/../lib/gcc/arm-none-eabi/12.2.1/thumb/v7-m/nofp/crt0.o (__libc_init_array)
c:/program files (custom)/arm-gnu-toolchain/bin/../lib/gcc/arm-none-eabi/12.2.1/thumb/v7-m/nofp\libc_nano.a(libc_a-lock.o)
                              c:/program files (custom)/arm-gnu-toolchain/bin/../lib/gcc/arm-none-eabi/12.2.1/thumb/v7-m/nofp\libc_nano.a(libc_a-findfp.o) (__retarget_lock_init_recursive)
c:/program files (custom)/arm-gnu-toolchain/bin/../lib/gcc/arm-none-eabi/12.2.1/thumb/v7-m/nofp\libc_nano.a(libc_a-freer.o)
                              c:/program files (custom)/arm-gnu-toolchain/bin/../lib/gcc/arm-none-eabi/12.2.1/thumb/v7-m/nofp\libc_nano.a(libc_a-reent.o) (_free_r)
c:/program files (custom)/arm-gnu-toolchain/bin/../lib/gcc/arm-none-eabi/12.2.1/thumb/v7-m/nofp\libc_nano.a(libc_a-mallocr.o)
                              c:/program files (custom)/arm-gnu-toolchain/bin/../lib/gcc/arm-none-eabi/12.2.1/thumb/v7-m/nofp\libc_nano.a(libc_a-findfp.o) (_malloc_r)
c:/program files (custom)/arm-gnu-toolchain/bin/../lib/gcc/arm-none-eabi/12.2.1/thumb/v7-m/nofp\libc_nano.a(libc_a-mlock.o)
                              c:/program files (custom)/arm-gnu-toolchain/bin/../lib/gcc/arm-none-eabi/12.2.1/thumb/v7-m/nofp\libc_nano.a(libc_a-freer.o) (__malloc_lock)
c:/program files (custom)/arm-gnu-toolchain/bin/../lib/gcc/arm-none-eabi/12.2.1/thumb/v7-m/nofp\libc_nano.a(libc_a-fflush.o)
                              c:/program files (custom)/arm-gnu-toolchain/bin/../lib/gcc/arm-none-eabi/12.2.1/thumb/v7-m/nofp\libc_nano.a(libc_a-findfp.o) (_fflush_r)
[...]
Memory Configuration

Name             Origin             Length             Attributes
RAM              0x20000000         0x00005000         xrw
FLASH            0x08000000         0x00010000         xr
*default*        0x00000000         0xffffffff

Linker script and memory map

LOAD c:/program files (custom)/arm-gnu-toolchain/bin/../lib/gcc/arm-none-eabi/12.2.1/thumb/v7-m/nofp/crti.o
LOAD c:/program files (custom)/arm-gnu-toolchain/bin/../lib/gcc/arm-none-eabi/12.2.1/thumb/v7-m/nofp/crtbegin.o
LOAD c:/program files (custom)/arm-gnu-toolchain/bin/../lib/gcc/arm-none-eabi/12.2.1/thumb/v7-m/nofp/crt0.o
LOAD build/main.o
LOAD build/stm32f1xx_it.o
LOAD build/stm32f1xx_hal_msp.o
LOAD build/stm32f1xx_hal_gpio_ex.o
LOAD build/stm32f1xx_hal_spi.o
LOAD build/stm32f1xx_hal.o
LOAD build/stm32f1xx_hal_rcc.o
LOAD build/stm32f1xx_hal_rcc_ex.o
LOAD build/stm32f1xx_hal_gpio.o
LOAD build/stm32f1xx_hal_dma.o
LOAD build/stm32f1xx_hal_cortex.o
LOAD build/stm32f1xx_hal_pwr.o
LOAD build/stm32f1xx_hal_flash.o
LOAD build/stm32f1xx_hal_flash_ex.o
LOAD build/stm32f1xx_hal_exti.o
LOAD build/stm32f1xx_hal_tim.o
LOAD build/stm32f1xx_hal_tim_ex.o
LOAD build/system_stm32f1xx.o
LOAD build/app-main.o
LOAD build/startup_stm32f103xb.o
LOAD c:/program files (custom)/arm-gnu-toolchain/bin/../lib/gcc/arm-none-eabi/12.2.1/thumb/v7-m/nofp\libnosys.a
LOAD c:/program files (custom)/arm-gnu-toolchain/bin/../lib/gcc/arm-none-eabi/12.2.1/thumb/v7-m/nofp\libstdc++_nano.a
LOAD c:/program files (custom)/arm-gnu-toolchain/bin/../lib/gcc/arm-none-eabi/12.2.1/thumb/v7-m/nofp\libm.a
LOAD c:/program files (custom)/arm-gnu-toolchain/bin/../lib/gcc/arm-none-eabi/12.2.1/thumb/v7-m/nofp\libc_nano.a
START GROUP
LOAD c:/program files (custom)/arm-gnu-toolchain/bin/../lib/gcc/arm-none-eabi/12.2.1/thumb/v7-m/nofp\libgcc.a
LOAD c:/program files (custom)/arm-gnu-toolchain/bin/../lib/gcc/arm-none-eabi/12.2.1/thumb/v7-m/nofp\libc_nano.a
END GROUP
START GROUP
LOAD c:/program files (custom)/arm-gnu-toolchain/bin/../lib/gcc/arm-none-eabi/12.2.1/thumb/v7-m/nofp\libgcc.a
LOAD c:/program files (custom)/arm-gnu-toolchain/bin/../lib/gcc/arm-none-eabi/12.2.1/thumb/v7-m/nofp\libc_nano.a
END GROUP
LOAD c:/program files (custom)/arm-gnu-toolchain/bin/../lib/gcc/arm-none-eabi/12.2.1/thumb/v7-m/nofp/crtend.o
LOAD c:/program files (custom)/arm-gnu-toolchain/bin/../lib/gcc/arm-none-eabi/12.2.1/thumb/v7-m/nofp/crtn.o
                0x20005000                _estack = (ORIGIN (RAM) + LENGTH (RAM))
                0x00000200                _Min_Heap_Size = 0x200
                0x00000400                _Min_Stack_Size = 0x400

.isr_vector     0x08000000      0x10c
                0x08000000                . = ALIGN (0x4)
 *(.isr_vector)
 .isr_vector    0x08000000      0x10c build/startup_stm32f103xb.o
                0x08000000                g_pfnVectors
                0x0800010c                . = ALIGN (0x4)

.text           0x0800010c     0x227c
                0x0800010c                . = ALIGN (0x4)
 *(.text)
 .text          0x0800010c      0x1ac c:/program files (custom)/arm-gnu-toolchain/bin/../lib/gcc/arm-none-eabi/12.2.1/thumb/v7-m/nofp\libgcc.a(libunwind.o)
                0x0800010c                __restore_core_regs
                0x0800010c                restore_core_regs
                0x08000124                __gnu_Unwind_Restore_VFP
                0x0800012c                __gnu_Unwind_Save_VFP
                0x08000134                __gnu_Unwind_Restore_VFP_D
                0x0800013c                __gnu_Unwind_Save_VFP_D
                0x08000144                __gnu_Unwind_Restore_VFP_D_16_to_31
                0x0800014c                __gnu_Unwind_Save_VFP_D_16_to_31
                0x08000154                __gnu_Unwind_Restore_WMMXD
                0x08000198                __gnu_Unwind_Save_WMMXD
                0x080001dc                __gnu_Unwind_Restore_WMMXC
                0x080001f0                __gnu_Unwind_Save_WMMXC
                0x08000204                ___Unwind_RaiseException
                0x08000204                _Unwind_RaiseException
                0x08000228                _Unwind_Resume
                0x08000228                ___Unwind_Resume
                0x0800024c                _Unwind_Resume_or_Rethrow
                0x0800024c                ___Unwind_Resume_or_Rethrow
                0x08000270                _Unwind_ForcedUnwind
                0x08000270                ___Unwind_ForcedUnwind
                0x08000294                ___Unwind_Backtrace
                0x08000294                _Unwind_Backtrace
 *(.text*)
 .text.deregister_tm_clones
                0x080002b8       0x1c c:/program files (custom)/arm-gnu-toolchain/bin/../lib/gcc/arm-none-eabi/12.2.1/thumb/v7-m/nofp/crtbegin.o
 .text.register_tm_clones
                0x080002d4       0x24 c:/program files (custom)/arm-gnu-toolchain/bin/../lib/gcc/arm-none-eabi/12.2.1/thumb/v7-m/nofp/crtbegin.o
 .text.__do_global_dtors_aux
                0x080002f8       0x28 c:/program files (custom)/arm-gnu-toolchain/bin/../lib/gcc/arm-none-eabi/12.2.1/thumb/v7-m/nofp/crtbegin.o
 .text.frame_dummy
                0x08000320       0x24 c:/program files (custom)/arm-gnu-toolchain/bin/../lib/gcc/arm-none-eabi/12.2.1/thumb/v7-m/nofp/crtbegin.o
 .text.main     0x08000344       0x1c build/main.o
                0x08000344                main
 .text.SystemClock_Config
                0x08000360       0x76 build/main.o
                0x08000360                SystemClock_Config
 *fill*         0x080003d6        0x2 
 .text.MX_SPI2_Init
                0x080003d8       0x6c build/main.o
 .text.MX_GPIO_Init
                0x08000444       0xd0 build/main.o
 .text.Error_Handler
                0x08000514        0xc build/main.o
                0x08000514                Error_Handler
 .text.NMI_Handler
                0x08000520        0x8 build/stm32f1xx_it.o
                0x08000520                NMI_Handler
 .text.HardFault_Handler
                0x08000528        0x8 build/stm32f1xx_it.o
                0x08000528                HardFault_Handler
 .text.MemManage_Handler
                0x08000530        0x8 build/stm32f1xx_it.o
                0x08000530                MemManage_Handler
 .text.BusFault_Handler
                0x08000538        0x8 build/stm32f1xx_it.o
                0x08000538                BusFault_Handler
 .text.UsageFault_Handler
                0x08000540        0x8 build/stm32f1xx_it.o
                0x08000540                UsageFault_Handler
 .text.SVC_Handler
                0x08000548        0xc build/stm32f1xx_it.o
                0x08000548                SVC_Handler
 .text.DebugMon_Handler
                0x08000554        0xc build/stm32f1xx_it.o
                0x08000554                DebugMon_Handler
 .text.PendSV_Handler
                0x08000560        0xc build/stm32f1xx_it.o
                0x08000560                PendSV_Handler
 .text.SysTick_Handler
                0x0800056c        0xc build/stm32f1xx_it.o
                0x0800056c                SysTick_Handler
 .text.HAL_MspInit
                0x08000578       0x44 build/stm32f1xx_hal_msp.o
                0x08000578                HAL_MspInit
 .text.HAL_SPI_MspInit
                0x080005bc       0x98 build/stm32f1xx_hal_msp.o
                0x080005bc                HAL_SPI_MspInit
 .text.HAL_SPI_Init
                0x08000654      0x108 build/stm32f1xx_hal_spi.o
                0x08000654                HAL_SPI_Init
 .text.HAL_Init
                0x0800075c       0x2c build/stm32f1xx_hal.o
                0x0800075c                HAL_Init
 .text.HAL_InitTick
                0x08000788       0x60 build/stm32f1xx_hal.o
                0x08000788                HAL_InitTick
 .text.HAL_IncTick
                0x080007e8       0x24 build/stm32f1xx_hal.o
                0x080007e8                HAL_IncTick
 .text.HAL_GetTick
                0x0800080c       0x14 build/stm32f1xx_hal.o
                0x0800080c                HAL_GetTick
 .text.HAL_Delay
                0x08000820       0x48 build/stm32f1xx_hal.o
                0x08000820                HAL_Delay
 .text.HAL_RCC_OscConfig
                0x08000868      0x504 build/stm32f1xx_hal_rcc.o
                0x08000868                HAL_RCC_OscConfig
 .text.HAL_RCC_ClockConfig
                0x08000d6c      0x1d4 build/stm32f1xx_hal_rcc.o
                0x08000d6c                HAL_RCC_ClockConfig
 .text.HAL_RCC_GetSysClockFreq
                0x08000f40       0xbc build/stm32f1xx_hal_rcc.o
                0x08000f40                HAL_RCC_GetSysClockFreq
 .text.RCC_Delay
                0x08000ffc       0x3c build/stm32f1xx_hal_rcc.o
 .text.HAL_GPIO_Init
                0x08001038      0x308 build/stm32f1xx_hal_gpio.o
                0x08001038                HAL_GPIO_Init
 .text.HAL_GPIO_WritePin
                0x08001340       0x30 build/stm32f1xx_hal_gpio.o
                0x08001340                HAL_GPIO_WritePin
 .text.HAL_GPIO_TogglePin
                0x08001370       0x32 build/stm32f1xx_hal_gpio.o
                0x08001370                HAL_GPIO_TogglePin
 *fill*         0x080013a2        0x2 
 .text.__NVIC_SetPriorityGrouping
                0x080013a4       0x48 build/stm32f1xx_hal_cortex.o
 .text.__NVIC_GetPriorityGrouping
                0x080013ec       0x1c build/stm32f1xx_hal_cortex.o
 .text.__NVIC_SetPriority
                0x08001408       0x54 build/stm32f1xx_hal_cortex.o
 .text.NVIC_EncodePriority
                0x0800145c       0x64 build/stm32f1xx_hal_cortex.o
 .text.SysTick_Config
                0x080014c0       0x44 build/stm32f1xx_hal_cortex.o
 .text.HAL_NVIC_SetPriorityGrouping
                0x08001504       0x16 build/stm32f1xx_hal_cortex.o
                0x08001504                HAL_NVIC_SetPriorityGrouping
 .text.HAL_NVIC_SetPriority
                0x0800151a       0x38 build/stm32f1xx_hal_cortex.o
                0x0800151a                HAL_NVIC_SetPriority
 .text.HAL_SYSTICK_Config
                0x08001552       0x18 build/stm32f1xx_hal_cortex.o
                0x08001552                HAL_SYSTICK_Config
 .text.SystemInit
                0x0800156a        0xc build/system_stm32f1xx.o
                0x0800156a                SystemInit
 *fill*         0x08001576        0x2 
 .text._ZN13LedController9toggleLedEv
                0x08001578       0x20 build/app-main.o
                0x08001578                LedController::toggleLed()
 .text.appMain  0x08001598       0x16 build/app-main.o
                0x08001598                appMain
 *fill*         0x080015ae        0x2 
 .text.Reset_Handler
                0x080015b0       0x48 build/startup_stm32f103xb.o
                0x080015b0                Reset_Handler
 .text.Default_Handler
                0x080015f8        0x2 build/startup_stm32f103xb.o
                0x080015f8                RTC_Alarm_IRQHandler
                0x080015f8                EXTI2_IRQHandler
                0x080015f8                TIM1_CC_IRQHandler
                0x080015f8                PVD_IRQHandler
                0x080015f8                EXTI3_IRQHandler
                0x080015f8                EXTI0_IRQHandler
                0x080015f8                I2C2_EV_IRQHandler
                0x080015f8                ADC1_2_IRQHandler
                0x080015f8                SPI1_IRQHandler
                0x080015f8                TAMPER_IRQHandler
                0x080015f8                DMA1_Channel4_IRQHandler
                0x080015f8                USART3_IRQHandler
                0x080015f8                RTC_IRQHandler
                0x080015f8                DMA1_Channel7_IRQHandler
                0x080015f8                CAN1_RX1_IRQHandler
                0x080015f8                TIM4_IRQHandler
                0x080015f8                I2C1_EV_IRQHandler
                0x080015f8                DMA1_Channel6_IRQHandler
                0x080015f8                TIM3_IRQHandler
                0x080015f8                RCC_IRQHandler
                0x080015f8                TIM1_TRG_COM_IRQHandler
                0x080015f8                DMA1_Channel1_IRQHandler
                0x080015f8                Default_Handler
                0x080015f8                EXTI15_10_IRQHandler
                0x080015f8                EXTI9_5_IRQHandler
                0x080015f8                SPI2_IRQHandler
                0x080015f8                DMA1_Channel5_IRQHandler
                0x080015f8                EXTI4_IRQHandler
                0x080015f8                USB_LP_CAN1_RX0_IRQHandler
                0x080015f8                USB_HP_CAN1_TX_IRQHandler
                0x080015f8                DMA1_Channel3_IRQHandler
                0x080015f8                TIM1_UP_IRQHandler
                0x080015f8                WWDG_IRQHandler
                0x080015f8                TIM2_IRQHandler
                0x080015f8                TIM1_BRK_IRQHandler
                0x080015f8                EXTI1_IRQHandler
                0x080015f8                USART2_IRQHandler
                0x080015f8                I2C2_ER_IRQHandler
                0x080015f8                DMA1_Channel2_IRQHandler
                0x080015f8                CAN1_SCE_IRQHandler
                0x080015f8                FLASH_IRQHandler
                0x080015f8                USART1_IRQHandler
                0x080015f8                I2C1_ER_IRQHandler
                0x080015f8                USBWakeUp_IRQHandler
 .text.memset   0x080015fa       0x10 c:/program files (custom)/arm-gnu-toolchain/bin/../lib/gcc/arm-none-eabi/12.2.1/thumb/v7-m/nofp\libc_nano.a(libc_a-memset.o)
                0x080015fa                memset
 *fill*         0x0800160a        0x2 
 .text.__libc_init_array
                0x0800160c       0x48 c:/program files (custom)/arm-gnu-toolchain/bin/../lib/gcc/arm-none-eabi/12.2.1/thumb/v7-m/nofp\libc_nano.a(libc_a-init.o)
                0x0800160c                __libc_init_array
 .text.selfrel_offset31
                0x08001654       0x14 c:/program files (custom)/arm-gnu-toolchain/bin/../lib/gcc/arm-none-eabi/12.2.1/thumb/v7-m/nofp\libgcc.a(unwind-arm.o)
 .text.search_EIT_table
                0x08001668       0x64 c:/program files (custom)/arm-gnu-toolchain/bin/../lib/gcc/arm-none-eabi/12.2.1/thumb/v7-m/nofp\libgcc.a(unwind-arm.o)
 .text.__gnu_unwind_get_pr_addr
                0x080016cc       0x28 c:/program files (custom)/arm-gnu-toolchain/bin/../lib/gcc/arm-none-eabi/12.2.1/thumb/v7-m/nofp\libgcc.a(unwind-arm.o)
 .text.get_eit_entry
                0x080016f4       0x94 c:/program files (custom)/arm-gnu-toolchain/bin/../lib/gcc/arm-none-eabi/12.2.1/thumb/v7-m/nofp\libgcc.a(unwind-arm.o)
 .text.restore_non_core_regs
                0x08001788       0x58 c:/program files (custom)/arm-gnu-toolchain/bin/../lib/gcc/arm-none-eabi/12.2.1/thumb/v7-m/nofp\libgcc.a(unwind-arm.o)
 .text._Unwind_decode_typeinfo_ptr.constprop.0
                0x080017e0        0xc c:/program files (custom)/arm-gnu-toolchain/bin/../lib/gcc/arm-none-eabi/12.2.1/thumb/v7-m/nofp\libgcc.a(unwind-arm.o)
 .text._Unwind_DebugHook
                0x080017ec        0x4 c:/program files (custom)/arm-gnu-toolchain/bin/../lib/gcc/arm-none-eabi/12.2.1/thumb/v7-m/nofp\libgcc.a(unwind-arm.o)
 .text.unwind_phase2
                0x080017f0       0x3c c:/program files (custom)/arm-gnu-toolchain/bin/../lib/gcc/arm-none-eabi/12.2.1/thumb/v7-m/nofp\libgcc.a(unwind-arm.o)
 .text.unwind_phase2_forced
                0x0800182c       0xe0 c:/program files (custom)/arm-gnu-toolchain/bin/../lib/gcc/arm-none-eabi/12.2.1/thumb/v7-m/nofp\libgcc.a(unwind-arm.o)
 .text.__gnu_Unwind_RaiseException
                0x0800190c       0x68 c:/program files (custom)/arm-gnu-toolchain/bin/../lib/gcc/arm-none-eabi/12.2.1/thumb/v7-m/nofp\libgcc.a(unwind-arm.o)
                0x0800190c                __gnu_Unwind_RaiseException
 .text.__gnu_Unwind_ForcedUnwind
                0x08001974       0x18 c:/program files (custom)/arm-gnu-toolchain/bin/../lib/gcc/arm-none-eabi/12.2.1/thumb/v7-m/nofp\libgcc.a(unwind-arm.o)
                0x08001974                __gnu_Unwind_ForcedUnwind
 .text.__gnu_Unwind_Resume
                0x0800198c       0x40 c:/program files (custom)/arm-gnu-toolchain/bin/../lib/gcc/arm-none-eabi/12.2.1/thumb/v7-m/nofp\libgcc.a(unwind-arm.o)
                0x0800198c                __gnu_Unwind_Resume
 .text.__gnu_Unwind_Resume_or_Rethrow
                0x080019cc       0x18 c:/program files (custom)/arm-gnu-toolchain/bin/../lib/gcc/arm-none-eabi/12.2.1/thumb/v7-m/nofp\libgcc.a(unwind-arm.o)
                0x080019cc                __gnu_Unwind_Resume_or_Rethrow
 .text._Unwind_VRS_Get
                0x080019e4       0x30 c:/program files (custom)/arm-gnu-toolchain/bin/../lib/gcc/arm-none-eabi/12.2.1/thumb/v7-m/nofp\libgcc.a(unwind-arm.o)
                0x080019e4                _Unwind_VRS_Get
 .text._Unwind_GetGR
                0x08001a14       0x1c c:/program files (custom)/arm-gnu-toolchain/bin/../lib/gcc/arm-none-eabi/12.2.1/thumb/v7-m/nofp\libgcc.a(unwind-arm.o)
 .text._Unwind_VRS_Set
                0x08001a30       0x30 c:/program files (custom)/arm-gnu-toolchain/bin/../lib/gcc/arm-none-eabi/12.2.1/thumb/v7-m/nofp\libgcc.a(unwind-arm.o)
                0x08001a30                _Unwind_VRS_Set
 .text._Unwind_SetGR
                0x08001a60       0x18 c:/program files (custom)/arm-gnu-toolchain/bin/../lib/gcc/arm-none-eabi/12.2.1/thumb/v7-m/nofp\libgcc.a(unwind-arm.o)
 .text.__gnu_Unwind_Backtrace
                0x08001a78       0x80 c:/program files (custom)/arm-gnu-toolchain/bin/../lib/gcc/arm-none-eabi/12.2.1/thumb/v7-m/nofp\libgcc.a(unwind-arm.o)
                0x08001a78                __gnu_Unwind_Backtrace
 .text.__gnu_unwind_pr_common
                0x08001af8      0x298 c:/program files (custom)/arm-gnu-toolchain/bin/../lib/gcc/arm-none-eabi/12.2.1/thumb/v7-m/nofp\libgcc.a(unwind-arm.o)
 .text.__aeabi_unwind_cpp_pr0
                0x08001d90        0x8 c:/program files (custom)/arm-gnu-toolchain/bin/../lib/gcc/arm-none-eabi/12.2.1/thumb/v7-m/nofp\libgcc.a(unwind-arm.o)
                0x08001d90                __aeabi_unwind_cpp_pr0
 .text.__aeabi_unwind_cpp_pr1
                0x08001d98        0x8 c:/program files (custom)/arm-gnu-toolchain/bin/../lib/gcc/arm-none-eabi/12.2.1/thumb/v7-m/nofp\libgcc.a(unwind-arm.o)
                0x08001d98                __aeabi_unwind_cpp_pr1
 .text.__aeabi_unwind_cpp_pr2
                0x08001da0        0x8 c:/program files (custom)/arm-gnu-toolchain/bin/../lib/gcc/arm-none-eabi/12.2.1/thumb/v7-m/nofp\libgcc.a(unwind-arm.o)
                0x08001da0                __aeabi_unwind_cpp_pr2
 .text._Unwind_VRS_Pop
                0x08001da8      0x2a0 c:/program files (custom)/arm-gnu-toolchain/bin/../lib/gcc/arm-none-eabi/12.2.1/thumb/v7-m/nofp\libgcc.a(unwind-arm.o)
                0x08001da8                _Unwind_VRS_Pop
 .text.next_unwind_byte
                0x08002048       0x38 c:/program files (custom)/arm-gnu-toolchain/bin/../lib/gcc/arm-none-eabi/12.2.1/thumb/v7-m/nofp\libgcc.a(pr-support.o)
 .text.__gnu_unwind_execute
                0x08002080      0x2d4 c:/program files (custom)/arm-gnu-toolchain/bin/../lib/gcc/arm-none-eabi/12.2.1/thumb/v7-m/nofp\libgcc.a(pr-support.o)
                0x08002080                __gnu_unwind_execute
 .text.memcpy   0x08002354       0x1c c:/program files (custom)/arm-gnu-toolchain/bin/../lib/gcc/arm-none-eabi/12.2.1/thumb/v7-m/nofp\libc_nano.a(libc_a-memcpy-stub.o)
                0x08002354                memcpy
 *(.glue_7)
 .glue_7        0x08002370        0x0 linker stubs
 *(.glue_7t)
 .glue_7t       0x08002370        0x0 linker stubs
 *(.eh_frame)
 .eh_frame      0x08002370        0x0 c:/program files (custom)/arm-gnu-toolchain/bin/../lib/gcc/arm-none-eabi/12.2.1/thumb/v7-m/nofp/crtbegin.o
 *(.init)
 .init          0x08002370        0x4 c:/program files (custom)/arm-gnu-toolchain/bin/../lib/gcc/arm-none-eabi/12.2.1/thumb/v7-m/nofp/crti.o
                0x08002370                _init
 .init          0x08002374        0x8 c:/program files (custom)/arm-gnu-toolchain/bin/../lib/gcc/arm-none-eabi/12.2.1/thumb/v7-m/nofp/crtn.o
 *(.fini)
 .fini          0x0800237c        0x4 c:/program files (custom)/arm-gnu-toolchain/bin/../lib/gcc/arm-none-eabi/12.2.1/thumb/v7-m/nofp/crti.o
                0x0800237c                _fini
 .fini          0x08002380        0x8 c:/program files (custom)/arm-gnu-toolchain/bin/../lib/gcc/arm-none-eabi/12.2.1/thumb/v7-m/nofp/crtn.o
                0x08002388                . = ALIGN (0x4)
                0x08002388                _etext = .

.vfp11_veneer   0x08002388        0x0
 .vfp11_veneer  0x08002388        0x0 linker stubs

.v4_bx          0x08002388        0x0
 .v4_bx         0x08002388        0x0 linker stubs

.iplt           0x08002388        0x0
 .iplt          0x08002388        0x0 c:/program files (custom)/arm-gnu-toolchain/bin/../lib/gcc/arm-none-eabi/12.2.1/thumb/v7-m/nofp/crtbegin.o

.rodata         0x08002388       0x20
                0x08002388                . = ALIGN (0x4)
 *(.rodata)
 .rodata        0x08002388       0x10 build/stm32f1xx_hal_rcc.o
 *(.rodata*)
 .rodata.AHBPrescTable
                0x08002398       0x10 build/system_stm32f1xx.o
                0x08002398                AHBPrescTable
                0x080023a8                . = ALIGN (0x4)

.ARM.extab      0x080023a8       0x18
 *(.ARM.extab* .gnu.linkonce.armextab.*)
 .ARM.extab.text._ZN13LedController9toggleLedEv
                0x080023a8        0xc build/app-main.o
 .ARM.extab.text.appMain
                0x080023b4        0xc build/app-main.o

.ARM            0x080023c0       0x98
                0x080023c0                __exidx_start = .
 *(.ARM.exidx*)
 .ARM.exidx.text._ZN13LedController9toggleLedEv
                0x080023c0        0x8 build/app-main.o
 .ARM.exidx.text.appMain
                0x080023c8       0x10 build/app-main.o
                                  0x8 (size before relaxing)
 .ARM.exidx.text.selfrel_offset31
                0x080023d8        0x0 c:/program files (custom)/arm-gnu-toolchain/bin/../lib/gcc/arm-none-eabi/12.2.1/thumb/v7-m/nofp\libgcc.a(unwind-arm.o)
                                  0x8 (size before relaxing)
 .ARM.exidx.text.search_EIT_table
                0x080023d8        0x0 c:/program files (custom)/arm-gnu-toolchain/bin/../lib/gcc/arm-none-eabi/12.2.1/thumb/v7-m/nofp\libgcc.a(unwind-arm.o)
                                  0x8 (size before relaxing)
 .ARM.exidx.text.__gnu_unwind_get_pr_addr
                0x080023d8        0x0 c:/program files (custom)/arm-gnu-toolchain/bin/../lib/gcc/arm-none-eabi/12.2.1/thumb/v7-m/nofp\libgcc.a(unwind-arm.o)
                                  0x8 (size before relaxing)
 .ARM.exidx.text.get_eit_entry
                0x080023d8        0x8 c:/program files (custom)/arm-gnu-toolchain/bin/../lib/gcc/arm-none-eabi/12.2.1/thumb/v7-m/nofp\libgcc.a(unwind-arm.o)
 .ARM.exidx.text.restore_non_core_regs
                0x080023e0        0x8 c:/program files (custom)/arm-gnu-toolchain/bin/../lib/gcc/arm-none-eabi/12.2.1/thumb/v7-m/nofp\libgcc.a(unwind-arm.o)
 .ARM.exidx.text._Unwind_decode_typeinfo_ptr.constprop.0
                0x080023e8        0x8 c:/program files (custom)/arm-gnu-toolchain/bin/../lib/gcc/arm-none-eabi/12.2.1/thumb/v7-m/nofp\libgcc.a(unwind-arm.o)
 .ARM.exidx.text._Unwind_DebugHook
                0x080023f0        0x0 c:/program files (custom)/arm-gnu-toolchain/bin/../lib/gcc/arm-none-eabi/12.2.1/thumb/v7-m/nofp\libgcc.a(unwind-arm.o)
                                  0x8 (size before relaxing)
 .ARM.exidx.text.unwind_phase2
                0x080023f0        0x8 c:/program files (custom)/arm-gnu-toolchain/bin/../lib/gcc/arm-none-eabi/12.2.1/thumb/v7-m/nofp\libgcc.a(unwind-arm.o)
 .ARM.exidx.text.unwind_phase2_forced
                0x080023f8        0x8 c:/program files (custom)/arm-gnu-toolchain/bin/../lib/gcc/arm-none-eabi/12.2.1/thumb/v7-m/nofp\libgcc.a(unwind-arm.o)
 .ARM.exidx.text.__gnu_Unwind_RaiseException
                0x08002400        0x8 c:/program files (custom)/arm-gnu-toolchain/bin/../lib/gcc/arm-none-eabi/12.2.1/thumb/v7-m/nofp\libgcc.a(unwind-arm.o)
 .ARM.exidx.text.__gnu_Unwind_ForcedUnwind
                0x08002408        0x8 c:/program files (custom)/arm-gnu-toolchain/bin/../lib/gcc/arm-none-eabi/12.2.1/thumb/v7-m/nofp\libgcc.a(unwind-arm.o)
 .ARM.exidx.text.__gnu_Unwind_Resume
                0x08002410        0x8 c:/program files (custom)/arm-gnu-toolchain/bin/../lib/gcc/arm-none-eabi/12.2.1/thumb/v7-m/nofp\libgcc.a(unwind-arm.o)
 .ARM.exidx.text.__gnu_Unwind_Resume_or_Rethrow
                0x08002418        0x8 c:/program files (custom)/arm-gnu-toolchain/bin/../lib/gcc/arm-none-eabi/12.2.1/thumb/v7-m/nofp\libgcc.a(unwind-arm.o)
 .ARM.exidx.text._Unwind_VRS_Get
                0x08002420        0x0 c:/program files (custom)/arm-gnu-toolchain/bin/../lib/gcc/arm-none-eabi/12.2.1/thumb/v7-m/nofp\libgcc.a(unwind-arm.o)
                                  0x8 (size before relaxing)
 .ARM.exidx.text._Unwind_GetGR
                0x08002420        0x0 c:/program files (custom)/arm-gnu-toolchain/bin/../lib/gcc/arm-none-eabi/12.2.1/thumb/v7-m/nofp\libgcc.a(unwind-arm.o)
                                  0x8 (size before relaxing)
 .ARM.exidx.text._Unwind_VRS_Set
                0x08002420        0x0 c:/program files (custom)/arm-gnu-toolchain/bin/../lib/gcc/arm-none-eabi/12.2.1/thumb/v7-m/nofp\libgcc.a(unwind-arm.o)
                                  0x8 (size before relaxing)
 .ARM.exidx.text._Unwind_SetGR
                0x08002420        0x0 c:/program files (custom)/arm-gnu-toolchain/bin/../lib/gcc/arm-none-eabi/12.2.1/thumb/v7-m/nofp\libgcc.a(unwind-arm.o)
                                  0x8 (size before relaxing)
 .ARM.exidx.text.__gnu_Unwind_Backtrace
                0x08002420        0x8 c:/program files (custom)/arm-gnu-toolchain/bin/../lib/gcc/arm-none-eabi/12.2.1/thumb/v7-m/nofp\libgcc.a(unwind-arm.o)
 .ARM.exidx.text.__gnu_unwind_pr_common
                0x08002428        0x8 c:/program files (custom)/arm-gnu-toolchain/bin/../lib/gcc/arm-none-eabi/12.2.1/thumb/v7-m/nofp\libgcc.a(unwind-arm.o)
 .ARM.exidx.text.__aeabi_unwind_cpp_pr0
                0x08002430        0x8 c:/program files (custom)/arm-gnu-toolchain/bin/../lib/gcc/arm-none-eabi/12.2.1/thumb/v7-m/nofp\libgcc.a(unwind-arm.o)
 .ARM.exidx.text.__aeabi_unwind_cpp_pr1
                0x08002438        0x0 c:/program files (custom)/arm-gnu-toolchain/bin/../lib/gcc/arm-none-eabi/12.2.1/thumb/v7-m/nofp\libgcc.a(unwind-arm.o)
                                  0x8 (size before relaxing)
 .ARM.exidx.text.__aeabi_unwind_cpp_pr2
                0x08002438        0x0 c:/program files (custom)/arm-gnu-toolchain/bin/../lib/gcc/arm-none-eabi/12.2.1/thumb/v7-m/nofp\libgcc.a(unwind-arm.o)
                                  0x8 (size before relaxing)
 .ARM.exidx.text._Unwind_VRS_Pop
                0x08002438        0x8 c:/program files (custom)/arm-gnu-toolchain/bin/../lib/gcc/arm-none-eabi/12.2.1/thumb/v7-m/nofp\libgcc.a(unwind-arm.o)
 .ARM.exidx.text.next_unwind_byte
                0x08002440        0x8 c:/program files (custom)/arm-gnu-toolchain/bin/../lib/gcc/arm-none-eabi/12.2.1/thumb/v7-m/nofp\libgcc.a(pr-support.o)
 .ARM.exidx.text.__gnu_unwind_execute
                0x08002448       0x10 c:/program files (custom)/arm-gnu-toolchain/bin/../lib/gcc/arm-none-eabi/12.2.1/thumb/v7-m/nofp\libgcc.a(pr-support.o)
                                  0x8 (size before relaxing)
                0x08002458                __exidx_end = .

.rel.dyn        0x08002458        0x0
 .rel.iplt      0x08002458        0x0 c:/program files (custom)/arm-gnu-toolchain/bin/../lib/gcc/arm-none-eabi/12.2.1/thumb/v7-m/nofp/crtbegin.o

.preinit_array  0x08002458        0x0
                0x08002458                PROVIDE (__preinit_array_start = .)
 *(.preinit_array*)
                0x08002458                PROVIDE (__preinit_array_end = .)

.init_array     0x08002458        0x4
                0x08002458                PROVIDE (__init_array_start = .)
 *(SORT_BY_NAME(.init_array.*))
 *(.init_array*)
 .init_array    0x08002458        0x4 c:/program files (custom)/arm-gnu-toolchain/bin/../lib/gcc/arm-none-eabi/12.2.1/thumb/v7-m/nofp/crtbegin.o
                0x0800245c                PROVIDE (__init_array_end = .)

.fini_array     0x0800245c        0x4
                [!provide]                PROVIDE (__fini_array_start = .)
 *(SORT_BY_NAME(.fini_array.*))
 *(.fini_array*)
 .fini_array    0x0800245c        0x4 c:/program files (custom)/arm-gnu-toolchain/bin/../lib/gcc/arm-none-eabi/12.2.1/thumb/v7-m/nofp/crtbegin.o
                [!provide]                PROVIDE (__fini_array_end = .)
                0x08002460                _sidata = LOADADDR (.data)

.data           0x20000000        0xc load address 0x08002460
                0x20000000                . = ALIGN (0x4)
                0x20000000                _sdata = .
 *(.data)
 *(.data*)
 .data.uwTickPrio
                0x20000000        0x4 build/stm32f1xx_hal.o
                0x20000000                uwTickPrio
 .data.uwTickFreq
                0x20000004        0x1 build/stm32f1xx_hal.o
                0x20000004                uwTickFreq
 *fill*         0x20000005        0x3 
 .data.SystemCoreClock
                0x20000008        0x4 build/system_stm32f1xx.o
                0x20000008                SystemCoreClock
                0x2000000c                . = ALIGN (0x4)
                0x2000000c                _edata = .

.tm_clone_table
                0x2000000c        0x0 load address 0x0800246c
 .tm_clone_table
                0x2000000c        0x0 c:/program files (custom)/arm-gnu-toolchain/bin/../lib/gcc/arm-none-eabi/12.2.1/thumb/v7-m/nofp/crtbegin.o
 .tm_clone_table
                0x2000000c        0x0 c:/program files (custom)/arm-gnu-toolchain/bin/../lib/gcc/arm-none-eabi/12.2.1/thumb/v7-m/nofp/crtend.o

.igot.plt       0x2000000c        0x0 load address 0x0800246c
 .igot.plt      0x2000000c        0x0 c:/program files (custom)/arm-gnu-toolchain/bin/../lib/gcc/arm-none-eabi/12.2.1/thumb/v7-m/nofp/crtbegin.o
                0x2000000c                . = ALIGN (0x4)

.bss            0x2000000c       0x78 load address 0x0800246c
                0x2000000c                _sbss = .
                0x2000000c                __bss_start__ = _sbss
 *(.bss)
 *(.bss*)
 .bss.completed.1
                0x2000000c        0x1 c:/program files (custom)/arm-gnu-toolchain/bin/../lib/gcc/arm-none-eabi/12.2.1/thumb/v7-m/nofp/crtbegin.o
 *fill*         0x2000000d        0x3 
 .bss.object.0  0x20000010       0x18 c:/program files (custom)/arm-gnu-toolchain/bin/../lib/gcc/arm-none-eabi/12.2.1/thumb/v7-m/nofp/crtbegin.o
 .bss.hspi2     0x20000028       0x58 build/main.o
                0x20000028                hspi2
 .bss.uwTick    0x20000080        0x4 build/stm32f1xx_hal.o
                0x20000080                uwTick
 *(COMMON)
                0x20000084                . = ALIGN (0x4)
                0x20000084                _ebss = .
                0x20000084                __bss_end__ = _ebss

._user_heap_stack
                0x20000084      0x604 load address 0x0800246c
                0x20000088                . = ALIGN (0x8)
 *fill*         0x20000084        0x4 
                [!provide]                PROVIDE (end = .)
                [!provide]                PROVIDE (_end = .)
                0x20000288                . = (. + _Min_Heap_Size)
 *fill*         0x20000088      0x200 
                0x20000688                . = (. + _Min_Stack_Size)
 *fill*         0x20000288      0x400 
                0x20000688                . = ALIGN (0x8)

/DISCARD/
 libc.a(*)
 libm.a(*)
 libgcc.a(*)

.ARM.attributes
                0x00000000       0x29
 *(.ARM.attributes)
 .ARM.attributes
                0x00000000       0x1d c:/program files (custom)/arm-gnu-toolchain/bin/../lib/gcc/arm-none-eabi/12.2.1/thumb/v7-m/nofp/crti.o
 .ARM.attributes
                0x0000001d       0x2d c:/program files (custom)/arm-gnu-toolchain/bin/../lib/gcc/arm-none-eabi/12.2.1/thumb/v7-m/nofp/crtbegin.o
 .ARM.attributes
                0x0000004a       0x2d build/main.o
 .ARM.attributes
                0x00000077       0x2d build/stm32f1xx_it.o
 .ARM.attributes
                0x000000a4       0x2d build/stm32f1xx_hal_msp.o
 .ARM.attributes
                0x000000d1       0x2d build/stm32f1xx_hal_spi.o
 .ARM.attributes
                0x000000fe       0x2d build/stm32f1xx_hal.o
 .ARM.attributes
                0x0000012b       0x2d build/stm32f1xx_hal_rcc.o
 .ARM.attributes
                0x00000158       0x2d build/stm32f1xx_hal_gpio.o
 .ARM.attributes
                0x00000185       0x2d build/stm32f1xx_hal_cortex.o
 .ARM.attributes
                0x000001b2       0x2d build/system_stm32f1xx.o
 .ARM.attributes
                0x000001df       0x2d build/app-main.o
 .ARM.attributes
                0x0000020c       0x21 build/startup_stm32f103xb.o
 .ARM.attributes
                0x0000022d       0x2d c:/program files (custom)/arm-gnu-toolchain/bin/../lib/gcc/arm-none-eabi/12.2.1/thumb/v7-m/nofp\libc_nano.a(libc_a-memset.o)
 .ARM.attributes
                0x0000025a       0x2d c:/program files (custom)/arm-gnu-toolchain/bin/../lib/gcc/arm-none-eabi/12.2.1/thumb/v7-m/nofp\libc_nano.a(libc_a-init.o)
 .ARM.attributes
                0x00000287       0x2d c:/program files (custom)/arm-gnu-toolchain/bin/../lib/gcc/arm-none-eabi/12.2.1/thumb/v7-m/nofp\libgcc.a(unwind-arm.o)
 .ARM.attributes
                0x000002b4       0x1d c:/program files (custom)/arm-gnu-toolchain/bin/../lib/gcc/arm-none-eabi/12.2.1/thumb/v7-m/nofp\libgcc.a(libunwind.o)
 .ARM.attributes
                0x000002d1       0x2d c:/program files (custom)/arm-gnu-toolchain/bin/../lib/gcc/arm-none-eabi/12.2.1/thumb/v7-m/nofp\libgcc.a(pr-support.o)
 .ARM.attributes
                0x000002fe       0x2d c:/program files (custom)/arm-gnu-toolchain/bin/../lib/gcc/arm-none-eabi/12.2.1/thumb/v7-m/nofp\libc_nano.a(libc_a-memcpy-stub.o)
 .ARM.attributes
                0x0000032b       0x2d c:/program files (custom)/arm-gnu-toolchain/bin/../lib/gcc/arm-none-eabi/12.2.1/thumb/v7-m/nofp/crtend.o
 .ARM.attributes
                0x00000358       0x1d c:/program files (custom)/arm-gnu-toolchain/bin/../lib/gcc/arm-none-eabi/12.2.1/thumb/v7-m/nofp/crtn.o
OUTPUT(build/RemoteControlledCar.elf elf32-littlearm)
LOAD linker stubs
LOAD c:/program files (custom)/arm-gnu-toolchain/bin/../lib/gcc/arm-none-eabi/12.2.1/thumb/v7-m/nofp\libc.a
LOAD c:/program files (custom)/arm-gnu-toolchain/bin/../lib/gcc/arm-none-eabi/12.2.1/thumb/v7-m/nofp\libm.a
LOAD c:/program files (custom)/arm-gnu-toolchain/bin/../lib/gcc/arm-none-eabi/12.2.1/thumb/v7-m/nofp\libgcc.a

.debug_info     0x00000000     0x54e2
 .debug_info    0x00000000      0xb0b build/main.o
 .debug_info    0x00000b0b      0x152 build/stm32f1xx_it.o
 .debug_info    0x00000c5d      0x8ac build/stm32f1xx_hal_msp.o
 .debug_info    0x00001509     0x17d7 build/stm32f1xx_hal_spi.o
 .debug_info    0x00002ce0      0x7f4 build/stm32f1xx_hal.o
 .debug_info    0x000034d4      0x916 build/stm32f1xx_hal_rcc.o
 .debug_info    0x00003dea      0x67d build/stm32f1xx_hal_gpio.o
 .debug_info    0x00004467      0xbf5 build/stm32f1xx_hal_cortex.o
 .debug_info    0x0000505c      0x261 build/system_stm32f1xx.o
 .debug_info    0x000052bd      0x1f5 build/app-main.o
 .debug_info    0x000054b2       0x30 build/startup_stm32f103xb.o

.debug_abbrev   0x00000000     0x125d
 .debug_abbrev  0x00000000      0x23b build/main.o
 .debug_abbrev  0x0000023b       0x73 build/stm32f1xx_it.o
 .debug_abbrev  0x000002ae      0x181 build/stm32f1xx_hal_msp.o
 .debug_abbrev  0x0000042f      0x26d build/stm32f1xx_hal_spi.o
 .debug_abbrev  0x0000069c      0x1fa build/stm32f1xx_hal.o
 .debug_abbrev  0x00000896      0x2a7 build/stm32f1xx_hal_rcc.o
 .debug_abbrev  0x00000b3d      0x1ba build/stm32f1xx_hal_gpio.o
 .debug_abbrev  0x00000cf7      0x2ca build/stm32f1xx_hal_cortex.o
 .debug_abbrev  0x00000fc1      0x13a build/system_stm32f1xx.o
 .debug_abbrev  0x000010fb      0x145 build/app-main.o
 .debug_abbrev  0x00001240       0x1d build/startup_stm32f103xb.o

.debug_loc      0x00000000     0x2dce
 .debug_loc     0x00000000      0x126 build/main.o
 .debug_loc     0x00000126      0x1d4 build/stm32f1xx_it.o
 .debug_loc     0x000002fa       0xfc build/stm32f1xx_hal_msp.o
 .debug_loc     0x000003f6     0x1208 build/stm32f1xx_hal_spi.o
 .debug_loc     0x000015fe      0x698 build/stm32f1xx_hal.o
 .debug_loc     0x00001c96      0x444 build/stm32f1xx_hal_rcc.o
 .debug_loc     0x000020da      0x2d4 build/stm32f1xx_hal_gpio.o
 .debug_loc     0x000023ae      0x8f8 build/stm32f1xx_hal_cortex.o
 .debug_loc     0x00002ca6       0xa0 build/system_stm32f1xx.o
 .debug_loc     0x00002d46       0x88 build/app-main.o

.debug_aranges  0x00000000      0x5e0
 .debug_aranges
                0x00000000       0x40 build/main.o
 .debug_aranges
                0x00000040       0x60 build/stm32f1xx_it.o
 .debug_aranges
                0x000000a0       0x30 build/stm32f1xx_hal_msp.o
 .debug_aranges
                0x000000d0      0x1d0 build/stm32f1xx_hal_spi.o
 .debug_aranges
                0x000002a0       0xe0 build/stm32f1xx_hal.o
 .debug_aranges
                0x00000380       0x90 build/stm32f1xx_hal_rcc.o
 .debug_aranges
                0x00000410       0x58 build/stm32f1xx_hal_gpio.o
 .debug_aranges
                0x00000468      0x100 build/stm32f1xx_hal_cortex.o
 .debug_aranges
                0x00000568       0x28 build/system_stm32f1xx.o
 .debug_aranges
                0x00000590       0x28 build/app-main.o
 .debug_aranges
                0x000005b8       0x28 build/startup_stm32f103xb.o

.debug_ranges   0x00000000      0x538
 .debug_ranges  0x00000000       0x30 build/main.o
 .debug_ranges  0x00000030       0x50 build/stm32f1xx_it.o
 .debug_ranges  0x00000080       0x20 build/stm32f1xx_hal_msp.o
 .debug_ranges  0x000000a0      0x1c0 build/stm32f1xx_hal_spi.o
 .debug_ranges  0x00000260       0xd0 build/stm32f1xx_hal.o
 .debug_ranges  0x00000330       0x80 build/stm32f1xx_hal_rcc.o
 .debug_ranges  0x000003b0       0x48 build/stm32f1xx_hal_gpio.o
 .debug_ranges  0x000003f8       0xf0 build/stm32f1xx_hal_cortex.o
 .debug_ranges  0x000004e8       0x18 build/system_stm32f1xx.o
 .debug_ranges  0x00000500       0x18 build/app-main.o
 .debug_ranges  0x00000518       0x20 build/startup_stm32f103xb.o

.debug_line     0x00000000     0x3a02
 .debug_line    0x00000000      0x325 build/main.o
 .debug_line    0x00000325      0x13a build/stm32f1xx_it.o
 .debug_line    0x0000045f      0x212 build/stm32f1xx_hal_msp.o
 .debug_line    0x00000671     0x174b build/stm32f1xx_hal_spi.o
 .debug_line    0x00001dbc      0x496 build/stm32f1xx_hal.o
 .debug_line    0x00002252      0x8bb build/stm32f1xx_hal_rcc.o
 .debug_line    0x00002b0d      0x4de build/stm32f1xx_hal_gpio.o
 .debug_line    0x00002feb      0x616 build/stm32f1xx_hal_cortex.o
 .debug_line    0x00003601      0x1ef build/system_stm32f1xx.o
 .debug_line    0x000037f0      0x19d build/app-main.o
 .debug_line    0x0000398d       0x75 build/startup_stm32f103xb.o

.debug_str      0x00000000     0x1c30
 .debug_str     0x00000000      0x74f build/main.o
                                0x7f8 (size before relaxing)
 .debug_str     0x0000074f       0xb4 build/stm32f1xx_it.o
                                0x202 (size before relaxing)
 .debug_str     0x00000803       0x60 build/stm32f1xx_hal_msp.o
                                0x62c (size before relaxing)
 .debug_str     0x00000863      0x57c build/stm32f1xx_hal_spi.o
                                0xb47 (size before relaxing)
 .debug_str     0x00000ddf      0x5d7 build/stm32f1xx_hal.o
                                0x80e (size before relaxing)
 .debug_str     0x000013b6      0x202 build/stm32f1xx_hal_rcc.o
                                0x60b (size before relaxing)
 .debug_str     0x000015b8      0x137 build/stm32f1xx_hal_gpio.o
                                0x3e0 (size before relaxing)
 .debug_str     0x000016ef      0x3b8 build/stm32f1xx_hal_cortex.o
                                0x8b3 (size before relaxing)
 .debug_str     0x00001aa7       0x4f build/system_stm32f1xx.o
                                0x234 (size before relaxing)
 .debug_str     0x00001af6      0x108 build/app-main.o
                                0x235 (size before relaxing)
 .debug_str     0x00001bfe       0x32 build/startup_stm32f103xb.o
                                 0x6b (size before relaxing)

.comment        0x00000000       0x45
 .comment       0x00000000       0x45 build/main.o
                                 0x46 (size before relaxing)
 .comment       0x00000045       0x46 build/stm32f1xx_it.o
 .comment       0x00000045       0x46 build/stm32f1xx_hal_msp.o
 .comment       0x00000045       0x46 build/stm32f1xx_hal_spi.o
 .comment       0x00000045       0x46 build/stm32f1xx_hal.o
 .comment       0x00000045       0x46 build/stm32f1xx_hal_rcc.o
 .comment       0x00000045       0x46 build/stm32f1xx_hal_gpio.o
 .comment       0x00000045       0x46 build/stm32f1xx_hal_cortex.o
 .comment       0x00000045       0x46 build/system_stm32f1xx.o
 .comment       0x00000045       0x46 build/app-main.o

.debug_frame    0x00000000     0x19f8
 .debug_frame   0x00000000       0xa8 build/main.o
 .debug_frame   0x000000a8      0x104 build/stm32f1xx_it.o
 .debug_frame   0x000001ac       0x80 build/stm32f1xx_hal_msp.o
 .debug_frame   0x0000022c      0x824 build/stm32f1xx_hal_spi.o
 .debug_frame   0x00000a50      0x334 build/stm32f1xx_hal.o
 .debug_frame   0x00000d84      0x21c build/stm32f1xx_hal_rcc.o
 .debug_frame   0x00000fa0      0x14c build/stm32f1xx_hal_gpio.o
 .debug_frame   0x000010ec      0x428 build/stm32f1xx_hal_cortex.o
 .debug_frame   0x00001514       0x58 build/system_stm32f1xx.o
 .debug_frame   0x0000156c       0x54 build/app-main.o
 .debug_frame   0x000015c0       0x20 c:/program files (custom)/arm-gnu-toolchain/bin/../lib/gcc/arm-none-eabi/12.2.1/thumb/v7-m/nofp\libc_nano.a(libc_a-memset.o)
 .debug_frame   0x000015e0       0x2c c:/program files (custom)/arm-gnu-toolchain/bin/../lib/gcc/arm-none-eabi/12.2.1/thumb/v7-m/nofp\libc_nano.a(libc_a-init.o)
 .debug_frame   0x0000160c      0x2d0 c:/program files (custom)/arm-gnu-toolchain/bin/../lib/gcc/arm-none-eabi/12.2.1/thumb/v7-m/nofp\libgcc.a(unwind-arm.o)
 .debug_frame   0x000018dc       0xf4 c:/program files (custom)/arm-gnu-toolchain/bin/../lib/gcc/arm-none-eabi/12.2.1/thumb/v7-m/nofp\libgcc.a(pr-support.o)
 .debug_frame   0x000019d0       0x28 c:/program files (custom)/arm-gnu-toolchain/bin/../lib/gcc/arm-none-eabi/12.2.1/thumb/v7-m/nofp\libc_nano.a(libc_a-memcpy-stub.o)

.debug_line_str
                0x00000000       0xc9
 .debug_line_str
                0x00000000       0xc9 c:/program files (custom)/arm-gnu-toolchain/bin/../lib/gcc/arm-none-eabi/12.2.1/thumb/v7-m/nofp\libgcc.a(libunwind.o)

Cross Reference Table

Symbol                                            File
ADC1_2_IRQHandler                                 build/startup_stm32f103xb.o
AHBPrescTable                                     build/system_stm32f1xx.o
                                                  build/stm32f1xx_hal_rcc.o
APBPrescTable                                     build/system_stm32f1xx.o
                                                  build/stm32f1xx_hal_rcc.o
BusFault_Handler                                  build/stm32f1xx_it.o
CAN1_RX1_IRQHandler                               build/startup_stm32f103xb.o
CAN1_SCE_IRQHandler                               build/startup_stm32f103xb.o
DMA1_Channel1_IRQHandler                          build/startup_stm32f103xb.o
DMA1_Channel2_IRQHandler                          build/startup_stm32f103xb.o
DMA1_Channel3_IRQHandler                          build/startup_stm32f103xb.o
DMA1_Channel4_IRQHandler                          build/startup_stm32f103xb.o
DMA1_Channel5_IRQHandler                          build/startup_stm32f103xb.o
DMA1_Channel6_IRQHandler                          build/startup_stm32f103xb.o
DMA1_Channel7_IRQHandler                          build/startup_stm32f103xb.o
DebugMon_Handler                                  build/stm32f1xx_it.o
Default_Handler                                   build/startup_stm32f103xb.o
EXTI0_IRQHandler                                  build/startup_stm32f103xb.o
EXTI15_10_IRQHandler                              build/startup_stm32f103xb.o
EXTI1_IRQHandler                                  build/startup_stm32f103xb.o
EXTI2_IRQHandler                                  build/startup_stm32f103xb.o
EXTI3_IRQHandler                                  build/startup_stm32f103xb.o
EXTI4_IRQHandler                                  build/startup_stm32f103xb.o
EXTI9_5_IRQHandler                                build/startup_stm32f103xb.o
Error_Handler                                     build/main.o
FLASH_IRQHandler                                  build/startup_stm32f103xb.o
FLASH_PageErase                                   build/stm32f1xx_hal_flash_ex.o
                                                  build/stm32f1xx_hal_flash.o
FLASH_WaitForLastOperation                        build/stm32f1xx_hal_flash.o
                                                  build/stm32f1xx_hal_flash_ex.o
HAL_DBGMCU_DisableDBGSleepMode                    build/stm32f1xx_hal.o
HAL_DBGMCU_DisableDBGStandbyMode                  build/stm32f1xx_hal.o
HAL_DBGMCU_DisableDBGStopMode                     build/stm32f1xx_hal.o
HAL_DBGMCU_EnableDBGSleepMode                     build/stm32f1xx_hal.o
HAL_DBGMCU_EnableDBGStandbyMode                   build/stm32f1xx_hal.o
HAL_DBGMCU_EnableDBGStopMode                      build/stm32f1xx_hal.o
HAL_DMA_Abort                                     build/stm32f1xx_hal_dma.o
                                                  build/stm32f1xx_hal_spi.o
HAL_DMA_Abort_IT                                  build/stm32f1xx_hal_dma.o
                                                  build/stm32f1xx_hal_spi.o
HAL_DMA_DeInit                                    build/stm32f1xx_hal_dma.o
HAL_DMA_GetError                                  build/stm32f1xx_hal_dma.o
HAL_DMA_GetState                                  build/stm32f1xx_hal_dma.o
HAL_DMA_IRQHandler                                build/stm32f1xx_hal_dma.o
HAL_DMA_Init                                      build/stm32f1xx_hal_dma.o
HAL_DMA_PollForTransfer                           build/stm32f1xx_hal_dma.o
HAL_DMA_RegisterCallback                          build/stm32f1xx_hal_dma.o
HAL_DMA_Start                                     build/stm32f1xx_hal_dma.o
HAL_DMA_Start_IT                                  build/stm32f1xx_hal_dma.o
                                                  build/stm32f1xx_hal_spi.o
HAL_DMA_UnRegisterCallback                        build/stm32f1xx_hal_dma.o
HAL_DeInit                                        build/stm32f1xx_hal.o
HAL_Delay                                         build/stm32f1xx_hal.o
                                                  build/app-main.o
HAL_EXTI_ClearConfigLine                          build/stm32f1xx_hal_exti.o
HAL_EXTI_ClearPending                             build/stm32f1xx_hal_exti.o
HAL_EXTI_GenerateSWI                              build/stm32f1xx_hal_exti.o
HAL_EXTI_GetConfigLine                            build/stm32f1xx_hal_exti.o
HAL_EXTI_GetHandle                                build/stm32f1xx_hal_exti.o
HAL_EXTI_GetPending                               build/stm32f1xx_hal_exti.o
HAL_EXTI_IRQHandler                               build/stm32f1xx_hal_exti.o
HAL_EXTI_RegisterCallback                         build/stm32f1xx_hal_exti.o
HAL_EXTI_SetConfigLine                            build/stm32f1xx_hal_exti.o
HAL_FLASHEx_Erase                                 build/stm32f1xx_hal_flash_ex.o
HAL_FLASHEx_Erase_IT                              build/stm32f1xx_hal_flash_ex.o
HAL_FLASHEx_OBErase                               build/stm32f1xx_hal_flash_ex.o
HAL_FLASHEx_OBGetConfig                           build/stm32f1xx_hal_flash_ex.o
HAL_FLASHEx_OBGetUserData                         build/stm32f1xx_hal_flash_ex.o
HAL_FLASHEx_OBProgram                             build/stm32f1xx_hal_flash_ex.o
HAL_FLASH_EndOfOperationCallback                  build/stm32f1xx_hal_flash.o
HAL_FLASH_GetError                                build/stm32f1xx_hal_flash.o
HAL_FLASH_IRQHandler                              build/stm32f1xx_hal_flash.o
HAL_FLASH_Lock                                    build/stm32f1xx_hal_flash.o
HAL_FLASH_OB_Launch                               build/stm32f1xx_hal_flash.o
HAL_FLASH_OB_Lock                                 build/stm32f1xx_hal_flash.o
HAL_FLASH_OB_Unlock                               build/stm32f1xx_hal_flash.o
HAL_FLASH_OperationErrorCallback                  build/stm32f1xx_hal_flash.o
HAL_FLASH_Program                                 build/stm32f1xx_hal_flash.o
HAL_FLASH_Program_IT                              build/stm32f1xx_hal_flash.o
HAL_FLASH_Unlock                                  build/stm32f1xx_hal_flash.o
HAL_GPIOEx_ConfigEventout                         build/stm32f1xx_hal_gpio_ex.o
HAL_GPIOEx_DisableEventout                        build/stm32f1xx_hal_gpio_ex.o
HAL_GPIOEx_EnableEventout                         build/stm32f1xx_hal_gpio_ex.o
HAL_GPIO_DeInit                                   build/stm32f1xx_hal_gpio.o
                                                  build/stm32f1xx_hal_msp.o
HAL_GPIO_EXTI_Callback                            build/stm32f1xx_hal_gpio.o
HAL_GPIO_EXTI_IRQHandler                          build/stm32f1xx_hal_gpio.o
HAL_GPIO_Init                                     build/stm32f1xx_hal_gpio.o
                                                  build/stm32f1xx_hal_rcc.o
                                                  build/stm32f1xx_hal_msp.o
                                                  build/main.o
HAL_GPIO_LockPin                                  build/stm32f1xx_hal_gpio.o
HAL_GPIO_ReadPin                                  build/stm32f1xx_hal_gpio.o
HAL_GPIO_TogglePin                                build/stm32f1xx_hal_gpio.o
                                                  build/app-main.o
HAL_GPIO_WritePin                                 build/stm32f1xx_hal_gpio.o
                                                  build/main.o
HAL_GetDEVID                                      build/stm32f1xx_hal.o
HAL_GetHalVersion                                 build/stm32f1xx_hal.o
HAL_GetREVID                                      build/stm32f1xx_hal.o
HAL_GetTick                                       build/stm32f1xx_hal.o
                                                  build/stm32f1xx_hal_flash.o
                                                  build/stm32f1xx_hal_dma.o
                                                  build/stm32f1xx_hal_rcc_ex.o
                                                  build/stm32f1xx_hal_rcc.o
                                                  build/stm32f1xx_hal_spi.o
HAL_GetTickFreq                                   build/stm32f1xx_hal.o
HAL_GetTickPrio                                   build/stm32f1xx_hal.o
HAL_GetUIDw0                                      build/stm32f1xx_hal.o
HAL_GetUIDw1                                      build/stm32f1xx_hal.o
HAL_GetUIDw2                                      build/stm32f1xx_hal.o
HAL_IncTick                                       build/stm32f1xx_hal.o
                                                  build/stm32f1xx_it.o
HAL_Init                                          build/stm32f1xx_hal.o
                                                  build/main.o
HAL_InitTick                                      build/stm32f1xx_hal.o
                                                  build/stm32f1xx_hal_rcc.o
HAL_MspDeInit                                     build/stm32f1xx_hal.o
HAL_MspInit                                       build/stm32f1xx_hal_msp.o
HAL_NVIC_ClearPendingIRQ                          build/stm32f1xx_hal_cortex.o
HAL_NVIC_DisableIRQ                               build/stm32f1xx_hal_cortex.o
HAL_NVIC_EnableIRQ                                build/stm32f1xx_hal_cortex.o
HAL_NVIC_GetActive                                build/stm32f1xx_hal_cortex.o
HAL_NVIC_GetPendingIRQ                            build/stm32f1xx_hal_cortex.o
HAL_NVIC_GetPriority                              build/stm32f1xx_hal_cortex.o
HAL_NVIC_GetPriorityGrouping                      build/stm32f1xx_hal_cortex.o
HAL_NVIC_SetPendingIRQ                            build/stm32f1xx_hal_cortex.o
HAL_NVIC_SetPriority                              build/stm32f1xx_hal_cortex.o
                                                  build/stm32f1xx_hal.o
HAL_NVIC_SetPriorityGrouping                      build/stm32f1xx_hal_cortex.o
                                                  build/stm32f1xx_hal.o
HAL_NVIC_SystemReset                              build/stm32f1xx_hal_cortex.o
                                                  build/stm32f1xx_hal_flash.o
HAL_PWR_ConfigPVD                                 build/stm32f1xx_hal_pwr.o
HAL_PWR_DeInit                                    build/stm32f1xx_hal_pwr.o
HAL_PWR_DisableBkUpAccess                         build/stm32f1xx_hal_pwr.o
HAL_PWR_DisablePVD                                build/stm32f1xx_hal_pwr.o
HAL_PWR_DisableSEVOnPend                          build/stm32f1xx_hal_pwr.o
HAL_PWR_DisableSleepOnExit                        build/stm32f1xx_hal_pwr.o
HAL_PWR_DisableWakeUpPin                          build/stm32f1xx_hal_pwr.o
HAL_PWR_EnableBkUpAccess                          build/stm32f1xx_hal_pwr.o
HAL_PWR_EnablePVD                                 build/stm32f1xx_hal_pwr.o
HAL_PWR_EnableSEVOnPend                           build/stm32f1xx_hal_pwr.o
HAL_PWR_EnableSleepOnExit                         build/stm32f1xx_hal_pwr.o
HAL_PWR_EnableWakeUpPin                           build/stm32f1xx_hal_pwr.o
HAL_PWR_EnterSLEEPMode                            build/stm32f1xx_hal_pwr.o
HAL_PWR_EnterSTANDBYMode                          build/stm32f1xx_hal_pwr.o
HAL_PWR_EnterSTOPMode                             build/stm32f1xx_hal_pwr.o
HAL_PWR_PVDCallback                               build/stm32f1xx_hal_pwr.o
HAL_PWR_PVD_IRQHandler                            build/stm32f1xx_hal_pwr.o
HAL_RCCEx_GetPeriphCLKConfig                      build/stm32f1xx_hal_rcc_ex.o
HAL_RCCEx_GetPeriphCLKFreq                        build/stm32f1xx_hal_rcc_ex.o
HAL_RCCEx_PeriphCLKConfig                         build/stm32f1xx_hal_rcc_ex.o
HAL_RCC_CSSCallback                               build/stm32f1xx_hal_rcc.o
HAL_RCC_ClockConfig                               build/stm32f1xx_hal_rcc.o
                                                  build/main.o
HAL_RCC_DeInit                                    build/stm32f1xx_hal_rcc.o
HAL_RCC_DisableCSS                                build/stm32f1xx_hal_rcc.o
HAL_RCC_EnableCSS                                 build/stm32f1xx_hal_rcc.o
HAL_RCC_GetClockConfig                            build/stm32f1xx_hal_rcc.o
HAL_RCC_GetHCLKFreq                               build/stm32f1xx_hal_rcc.o
HAL_RCC_GetOscConfig                              build/stm32f1xx_hal_rcc.o
HAL_RCC_GetPCLK1Freq                              build/stm32f1xx_hal_rcc.o
HAL_RCC_GetPCLK2Freq                              build/stm32f1xx_hal_rcc.o
                                                  build/stm32f1xx_hal_rcc_ex.o
HAL_RCC_GetSysClockFreq                           build/stm32f1xx_hal_rcc.o
HAL_RCC_MCOConfig                                 build/stm32f1xx_hal_rcc.o
HAL_RCC_NMI_IRQHandler                            build/stm32f1xx_hal_rcc.o
HAL_RCC_OscConfig                                 build/stm32f1xx_hal_rcc.o
                                                  build/main.o
HAL_ResumeTick                                    build/stm32f1xx_hal.o
HAL_SPI_Abort                                     build/stm32f1xx_hal_spi.o
HAL_SPI_AbortCpltCallback                         build/stm32f1xx_hal_spi.o
HAL_SPI_Abort_IT                                  build/stm32f1xx_hal_spi.o
HAL_SPI_DMAPause                                  build/stm32f1xx_hal_spi.o
HAL_SPI_DMAResume                                 build/stm32f1xx_hal_spi.o
HAL_SPI_DMAStop                                   build/stm32f1xx_hal_spi.o
HAL_SPI_DeInit                                    build/stm32f1xx_hal_spi.o
HAL_SPI_ErrorCallback                             build/stm32f1xx_hal_spi.o
HAL_SPI_GetError                                  build/stm32f1xx_hal_spi.o
HAL_SPI_GetState                                  build/stm32f1xx_hal_spi.o
HAL_SPI_IRQHandler                                build/stm32f1xx_hal_spi.o
HAL_SPI_Init                                      build/stm32f1xx_hal_spi.o
                                                  build/main.o
HAL_SPI_MspDeInit                                 build/stm32f1xx_hal_msp.o
HAL_SPI_MspInit                                   build/stm32f1xx_hal_msp.o
HAL_SPI_Receive                                   build/stm32f1xx_hal_spi.o
HAL_SPI_Receive_DMA                               build/stm32f1xx_hal_spi.o
HAL_SPI_Receive_IT                                build/stm32f1xx_hal_spi.o
HAL_SPI_RxCpltCallback                            build/stm32f1xx_hal_spi.o
HAL_SPI_RxHalfCpltCallback                        build/stm32f1xx_hal_spi.o
HAL_SPI_Transmit                                  build/stm32f1xx_hal_spi.o
HAL_SPI_TransmitReceive                           build/stm32f1xx_hal_spi.o
HAL_SPI_TransmitReceive_DMA                       build/stm32f1xx_hal_spi.o
HAL_SPI_TransmitReceive_IT                        build/stm32f1xx_hal_spi.o
HAL_SPI_Transmit_DMA                              build/stm32f1xx_hal_spi.o
HAL_SPI_Transmit_IT                               build/stm32f1xx_hal_spi.o
HAL_SPI_TxCpltCallback                            build/stm32f1xx_hal_spi.o
HAL_SPI_TxHalfCpltCallback                        build/stm32f1xx_hal_spi.o
HAL_SPI_TxRxCpltCallback                          build/stm32f1xx_hal_spi.o
HAL_SPI_TxRxHalfCpltCallback                      build/stm32f1xx_hal_spi.o
HAL_SYSTICK_CLKSourceConfig                       build/stm32f1xx_hal_cortex.o
HAL_SYSTICK_Callback                              build/stm32f1xx_hal_cortex.o
HAL_SYSTICK_Config                                build/stm32f1xx_hal_cortex.o
                                                  build/stm32f1xx_hal.o
HAL_SYSTICK_IRQHandler                            build/stm32f1xx_hal_cortex.o
HAL_SetTickFreq                                   build/stm32f1xx_hal.o
HAL_SuspendTick                                   build/stm32f1xx_hal.o
HardFault_Handler                                 build/stm32f1xx_it.o
I2C1_ER_IRQHandler                                build/startup_stm32f103xb.o
I2C1_EV_IRQHandler                                build/startup_stm32f103xb.o
I2C2_ER_IRQHandler                                build/startup_stm32f103xb.o
I2C2_EV_IRQHandler                                build/startup_stm32f103xb.o
LedController::toggleLed()                        build/app-main.o
MemManage_Handler                                 build/stm32f1xx_it.o
NMI_Handler                                       build/stm32f1xx_it.o
PVD_IRQHandler                                    build/startup_stm32f103xb.o
PendSV_Handler                                    build/stm32f1xx_it.o
RCC_IRQHandler                                    build/startup_stm32f103xb.o
RTC_Alarm_IRQHandler                              build/startup_stm32f103xb.o
RTC_IRQHandler                                    build/startup_stm32f103xb.o
Reset_Handler                                     build/startup_stm32f103xb.o
SPI1_IRQHandler                                   build/startup_stm32f103xb.o
SPI2_IRQHandler                                   build/startup_stm32f103xb.o
SVC_Handler                                       build/stm32f1xx_it.o
SysTick_Handler                                   build/stm32f1xx_it.o
SystemClock_Config                                build/main.o
SystemCoreClock                                   build/system_stm32f1xx.o
                                                  build/stm32f1xx_hal_rcc.o
                                                  build/stm32f1xx_hal.o
                                                  build/stm32f1xx_hal_spi.o
SystemCoreClockUpdate                             build/system_stm32f1xx.o
SystemInit                                        build/system_stm32f1xx.o
                                                  build/startup_stm32f103xb.o
TAMPER_IRQHandler                                 build/startup_stm32f103xb.o
TIM1_BRK_IRQHandler                               build/startup_stm32f103xb.o
TIM1_CC_IRQHandler                                build/startup_stm32f103xb.o
TIM1_TRG_COM_IRQHandler                           build/startup_stm32f103xb.o
TIM1_UP_IRQHandler                                build/startup_stm32f103xb.o
TIM2_IRQHandler                                   build/startup_stm32f103xb.o
TIM3_IRQHandler                                   build/startup_stm32f103xb.o
TIM4_IRQHandler                                   build/startup_stm32f103xb.o
USART1_IRQHandler                                 build/startup_stm32f103xb.o
USART2_IRQHandler                                 build/startup_stm32f103xb.o
USART3_IRQHandler                                 build/startup_stm32f103xb.o
USBWakeUp_IRQHandler                              build/startup_stm32f103xb.o
USB_HP_CAN1_TX_IRQHandler                         build/startup_stm32f103xb.o
USB_LP_CAN1_RX0_IRQHandler                        build/startup_stm32f103xb.o
UsageFault_Handler                                build/stm32f1xx_it.o
WWDG_IRQHandler                                   build/startup_stm32f103xb.o
_ITM_deregisterTMCloneTable                       c:/program files (custom)/arm-gnu-toolchain/bin/../lib/gcc/arm-none-eabi/12.2.1/thumb/v7-m/nofp/crtbegin.o
_ITM_registerTMCloneTable                         c:/program files (custom)/arm-gnu-toolchain/bin/../lib/gcc/arm-none-eabi/12.2.1/thumb/v7-m/nofp/crtbegin.o
_Unwind_Backtrace                                 c:/program files (custom)/arm-gnu-toolchain/bin/../lib/gcc/arm-none-eabi/12.2.1/thumb/v7-m/nofp\libgcc.a(libunwind.o)
_Unwind_Complete                                  c:/program files (custom)/arm-gnu-toolchain/bin/../lib/gcc/arm-none-eabi/12.2.1/thumb/v7-m/nofp\libgcc.a(unwind-arm.o)
_Unwind_DeleteException                           c:/program files (custom)/arm-gnu-toolchain/bin/../lib/gcc/arm-none-eabi/12.2.1/thumb/v7-m/nofp\libgcc.a(unwind-arm.o)
_Unwind_ForcedUnwind                              c:/program files (custom)/arm-gnu-toolchain/bin/../lib/gcc/arm-none-eabi/12.2.1/thumb/v7-m/nofp\libgcc.a(libunwind.o)
_Unwind_GetCFA                                    c:/program files (custom)/arm-gnu-toolchain/bin/../lib/gcc/arm-none-eabi/12.2.1/thumb/v7-m/nofp\libgcc.a(unwind-arm.o)
_Unwind_GetDataRelBase                            c:/program files (custom)/arm-gnu-toolchain/bin/../lib/gcc/arm-none-eabi/12.2.1/thumb/v7-m/nofp\libgcc.a(pr-support.o)
_Unwind_GetLanguageSpecificData                   c:/program files (custom)/arm-gnu-toolchain/bin/../lib/gcc/arm-none-eabi/12.2.1/thumb/v7-m/nofp\libgcc.a(pr-support.o)
_Unwind_GetRegionStart                            c:/program files (custom)/arm-gnu-toolchain/bin/../lib/gcc/arm-none-eabi/12.2.1/thumb/v7-m/nofp\libgcc.a(pr-support.o)
_Unwind_GetTextRelBase                            c:/program files (custom)/arm-gnu-toolchain/bin/../lib/gcc/arm-none-eabi/12.2.1/thumb/v7-m/nofp\libgcc.a(pr-support.o)
_Unwind_RaiseException                            c:/program files (custom)/arm-gnu-toolchain/bin/../lib/gcc/arm-none-eabi/12.2.1/thumb/v7-m/nofp\libgcc.a(libunwind.o)
_Unwind_Resume                                    c:/program files (custom)/arm-gnu-toolchain/bin/../lib/gcc/arm-none-eabi/12.2.1/thumb/v7-m/nofp\libgcc.a(libunwind.o)
_Unwind_Resume_or_Rethrow                         c:/program files (custom)/arm-gnu-toolchain/bin/../lib/gcc/arm-none-eabi/12.2.1/thumb/v7-m/nofp\libgcc.a(libunwind.o)
_Unwind_VRS_Get                                   c:/program files (custom)/arm-gnu-toolchain/bin/../lib/gcc/arm-none-eabi/12.2.1/thumb/v7-m/nofp\libgcc.a(unwind-arm.o)
                                                  c:/program files (custom)/arm-gnu-toolchain/bin/../lib/gcc/arm-none-eabi/12.2.1/thumb/v7-m/nofp\libgcc.a(pr-support.o)
_Unwind_VRS_Pop                                   c:/program files (custom)/arm-gnu-toolchain/bin/../lib/gcc/arm-none-eabi/12.2.1/thumb/v7-m/nofp\libgcc.a(unwind-arm.o)
                                                  c:/program files (custom)/arm-gnu-toolchain/bin/../lib/gcc/arm-none-eabi/12.2.1/thumb/v7-m/nofp\libgcc.a(pr-support.o)
_Unwind_VRS_Set                                   c:/program files (custom)/arm-gnu-toolchain/bin/../lib/gcc/arm-none-eabi/12.2.1/thumb/v7-m/nofp\libgcc.a(unwind-arm.o)
                                                  c:/program files (custom)/arm-gnu-toolchain/bin/../lib/gcc/arm-none-eabi/12.2.1/thumb/v7-m/nofp\libgcc.a(pr-support.o)
__TMC_END__                                       c:/program files (custom)/arm-gnu-toolchain/bin/../lib/gcc/arm-none-eabi/12.2.1/thumb/v7-m/nofp/crtend.o
                                                  c:/program files (custom)/arm-gnu-toolchain/bin/../lib/gcc/arm-none-eabi/12.2.1/thumb/v7-m/nofp/crtbegin.o
___Unwind_Backtrace                               c:/program files (custom)/arm-gnu-toolchain/bin/../lib/gcc/arm-none-eabi/12.2.1/thumb/v7-m/nofp\libgcc.a(libunwind.o)
___Unwind_ForcedUnwind                            c:/program files (custom)/arm-gnu-toolchain/bin/../lib/gcc/arm-none-eabi/12.2.1/thumb/v7-m/nofp\libgcc.a(libunwind.o)
___Unwind_RaiseException                          c:/program files (custom)/arm-gnu-toolchain/bin/../lib/gcc/arm-none-eabi/12.2.1/thumb/v7-m/nofp\libgcc.a(libunwind.o)
___Unwind_Resume                                  c:/program files (custom)/arm-gnu-toolchain/bin/../lib/gcc/arm-none-eabi/12.2.1/thumb/v7-m/nofp\libgcc.a(libunwind.o)
___Unwind_Resume_or_Rethrow                       c:/program files (custom)/arm-gnu-toolchain/bin/../lib/gcc/arm-none-eabi/12.2.1/thumb/v7-m/nofp\libgcc.a(libunwind.o)
__aeabi_unwind_cpp_pr0                            c:/program files (custom)/arm-gnu-toolchain/bin/../lib/gcc/arm-none-eabi/12.2.1/thumb/v7-m/nofp\libgcc.a(unwind-arm.o)
                                                  c:/program files (custom)/arm-gnu-toolchain/bin/../lib/gcc/arm-none-eabi/12.2.1/thumb/v7-m/nofp\libgcc.a(pr-support.o)
__aeabi_unwind_cpp_pr1                            c:/program files (custom)/arm-gnu-toolchain/bin/../lib/gcc/arm-none-eabi/12.2.1/thumb/v7-m/nofp\libgcc.a(unwind-arm.o)
                                                  c:/program files (custom)/arm-gnu-toolchain/bin/../lib/gcc/arm-none-eabi/12.2.1/thumb/v7-m/nofp\libgcc.a(pr-support.o)
                                                  build/app-main.o
__aeabi_unwind_cpp_pr2                            c:/program files (custom)/arm-gnu-toolchain/bin/../lib/gcc/arm-none-eabi/12.2.1/thumb/v7-m/nofp\libgcc.a(unwind-arm.o)
__bss_end__                                       c:/program files (custom)/arm-gnu-toolchain/bin/../lib/gcc/arm-none-eabi/12.2.1/thumb/v7-m/nofp/crt0.o
__bss_start__                                     c:/program files (custom)/arm-gnu-toolchain/bin/../lib/gcc/arm-none-eabi/12.2.1/thumb/v7-m/nofp/crt0.o
__call_exitprocs                                  c:/program files (custom)/arm-gnu-toolchain/bin/../lib/gcc/arm-none-eabi/12.2.1/thumb/v7-m/nofp\libc_nano.a(libc_a-exit.o)
__cxa_begin_cleanup                               c:/program files (custom)/arm-gnu-toolchain/bin/../lib/gcc/arm-none-eabi/12.2.1/thumb/v7-m/nofp\libgcc.a(unwind-arm.o)
__cxa_call_unexpected                             c:/program files (custom)/arm-gnu-toolchain/bin/../lib/gcc/arm-none-eabi/12.2.1/thumb/v7-m/nofp\libgcc.a(unwind-arm.o)
__cxa_type_match                                  c:/program files (custom)/arm-gnu-toolchain/bin/../lib/gcc/arm-none-eabi/12.2.1/thumb/v7-m/nofp\libgcc.a(unwind-arm.o)
__deregister_frame_info                           c:/program files (custom)/arm-gnu-toolchain/bin/../lib/gcc/arm-none-eabi/12.2.1/thumb/v7-m/nofp/crtbegin.o
__dso_handle                                      c:/program files (custom)/arm-gnu-toolchain/bin/../lib/gcc/arm-none-eabi/12.2.1/thumb/v7-m/nofp/crtbegin.o
__exidx_end                                       c:/program files (custom)/arm-gnu-toolchain/bin/../lib/gcc/arm-none-eabi/12.2.1/thumb/v7-m/nofp\libgcc.a(unwind-arm.o)
__exidx_start                                     c:/program files (custom)/arm-gnu-toolchain/bin/../lib/gcc/arm-none-eabi/12.2.1/thumb/v7-m/nofp\libgcc.a(unwind-arm.o)
__fp_lock_all                                     c:/program files (custom)/arm-gnu-toolchain/bin/../lib/gcc/arm-none-eabi/12.2.1/thumb/v7-m/nofp\libc_nano.a(libc_a-findfp.o)
__fp_unlock_all                                   c:/program files (custom)/arm-gnu-toolchain/bin/../lib/gcc/arm-none-eabi/12.2.1/thumb/v7-m/nofp\libc_nano.a(libc_a-findfp.o)
__gnu_Unwind_Backtrace                            c:/program files (custom)/arm-gnu-toolchain/bin/../lib/gcc/arm-none-eabi/12.2.1/thumb/v7-m/nofp\libgcc.a(unwind-arm.o)
                                                  c:/program files (custom)/arm-gnu-toolchain/bin/../lib/gcc/arm-none-eabi/12.2.1/thumb/v7-m/nofp\libgcc.a(libunwind.o)
__gnu_Unwind_Find_exidx                           c:/program files (custom)/arm-gnu-toolchain/bin/../lib/gcc/arm-none-eabi/12.2.1/thumb/v7-m/nofp\libgcc.a(unwind-arm.o)
__gnu_Unwind_ForcedUnwind                         c:/program files (custom)/arm-gnu-toolchain/bin/../lib/gcc/arm-none-eabi/12.2.1/thumb/v7-m/nofp\libgcc.a(unwind-arm.o)
                                                  c:/program files (custom)/arm-gnu-toolchain/bin/../lib/gcc/arm-none-eabi/12.2.1/thumb/v7-m/nofp\libgcc.a(libunwind.o)
__gnu_Unwind_RaiseException                       c:/program files (custom)/arm-gnu-toolchain/bin/../lib/gcc/arm-none-eabi/12.2.1/thumb/v7-m/nofp\libgcc.a(unwind-arm.o)
                                                  c:/program files (custom)/arm-gnu-toolchain/bin/../lib/gcc/arm-none-eabi/12.2.1/thumb/v7-m/nofp\libgcc.a(libunwind.o)
__gnu_Unwind_Restore_VFP                          c:/program files (custom)/arm-gnu-toolchain/bin/../lib/gcc/arm-none-eabi/12.2.1/thumb/v7-m/nofp\libgcc.a(libunwind.o)
                                                  c:/program files (custom)/arm-gnu-toolchain/bin/../lib/gcc/arm-none-eabi/12.2.1/thumb/v7-m/nofp\libgcc.a(unwind-arm.o)
__gnu_Unwind_Restore_VFP_D                        c:/program files (custom)/arm-gnu-toolchain/bin/../lib/gcc/arm-none-eabi/12.2.1/thumb/v7-m/nofp\libgcc.a(libunwind.o)
                                                  c:/program files (custom)/arm-gnu-toolchain/bin/../lib/gcc/arm-none-eabi/12.2.1/thumb/v7-m/nofp\libgcc.a(unwind-arm.o)
__gnu_Unwind_Restore_VFP_D_16_to_31               c:/program files (custom)/arm-gnu-toolchain/bin/../lib/gcc/arm-none-eabi/12.2.1/thumb/v7-m/nofp\libgcc.a(libunwind.o)
                                                  c:/program files (custom)/arm-gnu-toolchain/bin/../lib/gcc/arm-none-eabi/12.2.1/thumb/v7-m/nofp\libgcc.a(unwind-arm.o)
__gnu_Unwind_Restore_WMMXC                        c:/program files (custom)/arm-gnu-toolchain/bin/../lib/gcc/arm-none-eabi/12.2.1/thumb/v7-m/nofp\libgcc.a(libunwind.o)
                                                  c:/program files (custom)/arm-gnu-toolchain/bin/../lib/gcc/arm-none-eabi/12.2.1/thumb/v7-m/nofp\libgcc.a(unwind-arm.o)
__gnu_Unwind_Restore_WMMXD                        c:/program files (custom)/arm-gnu-toolchain/bin/../lib/gcc/arm-none-eabi/12.2.1/thumb/v7-m/nofp\libgcc.a(libunwind.o)
                                                  c:/program files (custom)/arm-gnu-toolchain/bin/../lib/gcc/arm-none-eabi/12.2.1/thumb/v7-m/nofp\libgcc.a(unwind-arm.o)
__gnu_Unwind_Resume                               c:/program files (custom)/arm-gnu-toolchain/bin/../lib/gcc/arm-none-eabi/12.2.1/thumb/v7-m/nofp\libgcc.a(unwind-arm.o)
                                                  c:/program files (custom)/arm-gnu-toolchain/bin/../lib/gcc/arm-none-eabi/12.2.1/thumb/v7-m/nofp\libgcc.a(libunwind.o)
__gnu_Unwind_Resume_or_Rethrow                    c:/program files (custom)/arm-gnu-toolchain/bin/../lib/gcc/arm-none-eabi/12.2.1/thumb/v7-m/nofp\libgcc.a(unwind-arm.o)
                                                  c:/program files (custom)/arm-gnu-toolchain/bin/../lib/gcc/arm-none-eabi/12.2.1/thumb/v7-m/nofp\libgcc.a(libunwind.o)
__gnu_Unwind_Save_VFP                             c:/program files (custom)/arm-gnu-toolchain/bin/../lib/gcc/arm-none-eabi/12.2.1/thumb/v7-m/nofp\libgcc.a(libunwind.o)
                                                  c:/program files (custom)/arm-gnu-toolchain/bin/../lib/gcc/arm-none-eabi/12.2.1/thumb/v7-m/nofp\libgcc.a(unwind-arm.o)
__gnu_Unwind_Save_VFP_D                           c:/program files (custom)/arm-gnu-toolchain/bin/../lib/gcc/arm-none-eabi/12.2.1/thumb/v7-m/nofp\libgcc.a(libunwind.o)
                                                  c:/program files (custom)/arm-gnu-toolchain/bin/../lib/gcc/arm-none-eabi/12.2.1/thumb/v7-m/nofp\libgcc.a(unwind-arm.o)
__gnu_Unwind_Save_VFP_D_16_to_31                  c:/program files (custom)/arm-gnu-toolchain/bin/../lib/gcc/arm-none-eabi/12.2.1/thumb/v7-m/nofp\libgcc.a(libunwind.o)
                                                  c:/program files (custom)/arm-gnu-toolchain/bin/../lib/gcc/arm-none-eabi/12.2.1/thumb/v7-m/nofp\libgcc.a(unwind-arm.o)
__gnu_Unwind_Save_WMMXC                           c:/program files (custom)/arm-gnu-toolchain/bin/../lib/gcc/arm-none-eabi/12.2.1/thumb/v7-m/nofp\libgcc.a(libunwind.o)
                                                  c:/program files (custom)/arm-gnu-toolchain/bin/../lib/gcc/arm-none-eabi/12.2.1/thumb/v7-m/nofp\libgcc.a(unwind-arm.o)
__gnu_Unwind_Save_WMMXD                           c:/program files (custom)/arm-gnu-toolchain/bin/../lib/gcc/arm-none-eabi/12.2.1/thumb/v7-m/nofp\libgcc.a(libunwind.o)
                                                  c:/program files (custom)/arm-gnu-toolchain/bin/../lib/gcc/arm-none-eabi/12.2.1/thumb/v7-m/nofp\libgcc.a(unwind-arm.o)
__gnu_unwind_execute                              c:/program files (custom)/arm-gnu-toolchain/bin/../lib/gcc/arm-none-eabi/12.2.1/thumb/v7-m/nofp\libgcc.a(pr-support.o)
                                                  c:/program files (custom)/arm-gnu-toolchain/bin/../lib/gcc/arm-none-eabi/12.2.1/thumb/v7-m/nofp\libgcc.a(unwind-arm.o)
__gnu_unwind_frame                                c:/program files (custom)/arm-gnu-toolchain/bin/../lib/gcc/arm-none-eabi/12.2.1/thumb/v7-m/nofp\libgcc.a(pr-support.o)
__init_array_end                                  c:/program files (custom)/arm-gnu-toolchain/bin/../lib/gcc/arm-none-eabi/12.2.1/thumb/v7-m/nofp\libc_nano.a(libc_a-init.o)
__init_array_start                                c:/program files (custom)/arm-gnu-toolchain/bin/../lib/gcc/arm-none-eabi/12.2.1/thumb/v7-m/nofp\libc_nano.a(libc_a-init.o)
__libc_fini_array                                 c:/program files (custom)/arm-gnu-toolchain/bin/../lib/gcc/arm-none-eabi/12.2.1/thumb/v7-m/nofp/crt0.o
__libc_init_array                                 c:/program files (custom)/arm-gnu-toolchain/bin/../lib/gcc/arm-none-eabi/12.2.1/thumb/v7-m/nofp\libc_nano.a(libc_a-init.o)
                                                  build/startup_stm32f103xb.o
                                                  c:/program files (custom)/arm-gnu-toolchain/bin/../lib/gcc/arm-none-eabi/12.2.1/thumb/v7-m/nofp/crt0.o
__lock___arc4random_mutex                         c:/program files (custom)/arm-gnu-toolchain/bin/../lib/gcc/arm-none-eabi/12.2.1/thumb/v7-m/nofp\libc_nano.a(libc_a-lock.o)
__lock___at_quick_exit_mutex                      c:/program files (custom)/arm-gnu-toolchain/bin/../lib/gcc/arm-none-eabi/12.2.1/thumb/v7-m/nofp\libc_nano.a(libc_a-lock.o)
__lock___atexit_recursive_mutex                   c:/program files (custom)/arm-gnu-toolchain/bin/../lib/gcc/arm-none-eabi/12.2.1/thumb/v7-m/nofp\libc_nano.a(libc_a-lock.o)
__lock___dd_hash_mutex                            c:/program files (custom)/arm-gnu-toolchain/bin/../lib/gcc/arm-none-eabi/12.2.1/thumb/v7-m/nofp\libc_nano.a(libc_a-lock.o)
__lock___env_recursive_mutex                      c:/program files (custom)/arm-gnu-toolchain/bin/../lib/gcc/arm-none-eabi/12.2.1/thumb/v7-m/nofp\libc_nano.a(libc_a-lock.o)
__lock___malloc_recursive_mutex                   c:/program files (custom)/arm-gnu-toolchain/bin/../lib/gcc/arm-none-eabi/12.2.1/thumb/v7-m/nofp\libc_nano.a(libc_a-lock.o)
                                                  c:/program files (custom)/arm-gnu-toolchain/bin/../lib/gcc/arm-none-eabi/12.2.1/thumb/v7-m/nofp\libc_nano.a(libc_a-mlock.o)
__lock___sfp_recursive_mutex                      c:/program files (custom)/arm-gnu-toolchain/bin/../lib/gcc/arm-none-eabi/12.2.1/thumb/v7-m/nofp\libc_nano.a(libc_a-lock.o)
                                                  c:/program files (custom)/arm-gnu-toolchain/bin/../lib/gcc/arm-none-eabi/12.2.1/thumb/v7-m/nofp\libc_nano.a(libc_a-findfp.o)
__lock___tz_mutex                                 c:/program files (custom)/arm-gnu-toolchain/bin/../lib/gcc/arm-none-eabi/12.2.1/thumb/v7-m/nofp\libc_nano.a(libc_a-lock.o)
__malloc_free_list                                c:/program files (custom)/arm-gnu-toolchain/bin/../lib/gcc/arm-none-eabi/12.2.1/thumb/v7-m/nofp\libc_nano.a(libc_a-mallocr.o)
                                                  c:/program files (custom)/arm-gnu-toolchain/bin/../lib/gcc/arm-none-eabi/12.2.1/thumb/v7-m/nofp\libc_nano.a(libc_a-freer.o)
__malloc_lock                                     c:/program files (custom)/arm-gnu-toolchain/bin/../lib/gcc/arm-none-eabi/12.2.1/thumb/v7-m/nofp\libc_nano.a(libc_a-mlock.o)
                                                  c:/program files (custom)/arm-gnu-toolchain/bin/../lib/gcc/arm-none-eabi/12.2.1/thumb/v7-m/nofp\libc_nano.a(libc_a-mallocr.o)
                                                  c:/program files (custom)/arm-gnu-toolchain/bin/../lib/gcc/arm-none-eabi/12.2.1/thumb/v7-m/nofp\libc_nano.a(libc_a-freer.o)
__malloc_sbrk_start                               c:/program files (custom)/arm-gnu-toolchain/bin/../lib/gcc/arm-none-eabi/12.2.1/thumb/v7-m/nofp\libc_nano.a(libc_a-mallocr.o)
__malloc_unlock                                   c:/program files (custom)/arm-gnu-toolchain/bin/../lib/gcc/arm-none-eabi/12.2.1/thumb/v7-m/nofp\libc_nano.a(libc_a-mlock.o)
                                                  c:/program files (custom)/arm-gnu-toolchain/bin/../lib/gcc/arm-none-eabi/12.2.1/thumb/v7-m/nofp\libc_nano.a(libc_a-mallocr.o)
                                                  c:/program files (custom)/arm-gnu-toolchain/bin/../lib/gcc/arm-none-eabi/12.2.1/thumb/v7-m/nofp\libc_nano.a(libc_a-freer.o)
__preinit_array_end                               c:/program files (custom)/arm-gnu-toolchain/bin/../lib/gcc/arm-none-eabi/12.2.1/thumb/v7-m/nofp\libc_nano.a(libc_a-init.o)
__preinit_array_start                             c:/program files (custom)/arm-gnu-toolchain/bin/../lib/gcc/arm-none-eabi/12.2.1/thumb/v7-m/nofp\libc_nano.a(libc_a-init.o)
__register_frame_info                             c:/program files (custom)/arm-gnu-toolchain/bin/../lib/gcc/arm-none-eabi/12.2.1/thumb/v7-m/nofp/crtbegin.o
__restore_core_regs                               c:/program files (custom)/arm-gnu-toolchain/bin/../lib/gcc/arm-none-eabi/12.2.1/thumb/v7-m/nofp\libgcc.a(libunwind.o)
__retarget_lock_acquire                           c:/program files (custom)/arm-gnu-toolchain/bin/../lib/gcc/arm-none-eabi/12.2.1/thumb/v7-m/nofp\libc_nano.a(libc_a-lock.o)
__retarget_lock_acquire_recursive                 c:/program files (custom)/arm-gnu-toolchain/bin/../lib/gcc/arm-none-eabi/12.2.1/thumb/v7-m/nofp\libc_nano.a(libc_a-lock.o)
                                                  c:/program files (custom)/arm-gnu-toolchain/bin/../lib/gcc/arm-none-eabi/12.2.1/thumb/v7-m/nofp\libc_nano.a(libc_a-fflush.o)
                                                  c:/program files (custom)/arm-gnu-toolchain/bin/../lib/gcc/arm-none-eabi/12.2.1/thumb/v7-m/nofp\libc_nano.a(libc_a-mlock.o)
                                                  c:/program files (custom)/arm-gnu-toolchain/bin/../lib/gcc/arm-none-eabi/12.2.1/thumb/v7-m/nofp\libc_nano.a(libc_a-findfp.o)
__retarget_lock_close                             c:/program files (custom)/arm-gnu-toolchain/bin/../lib/gcc/arm-none-eabi/12.2.1/thumb/v7-m/nofp\libc_nano.a(libc_a-lock.o)
__retarget_lock_close_recursive                   c:/program files (custom)/arm-gnu-toolchain/bin/../lib/gcc/arm-none-eabi/12.2.1/thumb/v7-m/nofp\libc_nano.a(libc_a-lock.o)
__retarget_lock_init                              c:/program files (custom)/arm-gnu-toolchain/bin/../lib/gcc/arm-none-eabi/12.2.1/thumb/v7-m/nofp\libc_nano.a(libc_a-lock.o)
__retarget_lock_init_recursive                    c:/program files (custom)/arm-gnu-toolchain/bin/../lib/gcc/arm-none-eabi/12.2.1/thumb/v7-m/nofp\libc_nano.a(libc_a-lock.o)
                                                  c:/program files (custom)/arm-gnu-toolchain/bin/../lib/gcc/arm-none-eabi/12.2.1/thumb/v7-m/nofp\libc_nano.a(libc_a-findfp.o)
__retarget_lock_release                           c:/program files (custom)/arm-gnu-toolchain/bin/../lib/gcc/arm-none-eabi/12.2.1/thumb/v7-m/nofp\libc_nano.a(libc_a-lock.o)
__retarget_lock_release_recursive                 c:/program files (custom)/arm-gnu-toolchain/bin/../lib/gcc/arm-none-eabi/12.2.1/thumb/v7-m/nofp\libc_nano.a(libc_a-lock.o)
                                                  c:/program files (custom)/arm-gnu-toolchain/bin/../lib/gcc/arm-none-eabi/12.2.1/thumb/v7-m/nofp\libc_nano.a(libc_a-fflush.o)
                                                  c:/program files (custom)/arm-gnu-toolchain/bin/../lib/gcc/arm-none-eabi/12.2.1/thumb/v7-m/nofp\libc_nano.a(libc_a-mlock.o)
                                                  c:/program files (custom)/arm-gnu-toolchain/bin/../lib/gcc/arm-none-eabi/12.2.1/thumb/v7-m/nofp\libc_nano.a(libc_a-findfp.o)
__retarget_lock_try_acquire                       c:/program files (custom)/arm-gnu-toolchain/bin/../lib/gcc/arm-none-eabi/12.2.1/thumb/v7-m/nofp\libc_nano.a(libc_a-lock.o)
__retarget_lock_try_acquire_recursive             c:/program files (custom)/arm-gnu-toolchain/bin/../lib/gcc/arm-none-eabi/12.2.1/thumb/v7-m/nofp\libc_nano.a(libc_a-lock.o)
__sclose                                          c:/program files (custom)/arm-gnu-toolchain/bin/../lib/gcc/arm-none-eabi/12.2.1/thumb/v7-m/nofp\libc_nano.a(libc_a-stdio.o)
                                                  c:/program files (custom)/arm-gnu-toolchain/bin/../lib/gcc/arm-none-eabi/12.2.1/thumb/v7-m/nofp\libc_nano.a(libc_a-findfp.o)
__seofread                                        c:/program files (custom)/arm-gnu-toolchain/bin/../lib/gcc/arm-none-eabi/12.2.1/thumb/v7-m/nofp\libc_nano.a(libc_a-stdio.o)
__sf                                              c:/program files (custom)/arm-gnu-toolchain/bin/../lib/gcc/arm-none-eabi/12.2.1/thumb/v7-m/nofp\libc_nano.a(libc_a-findfp.o)
                                                  c:/program files (custom)/arm-gnu-toolchain/bin/../lib/gcc/arm-none-eabi/12.2.1/thumb/v7-m/nofp\libc_nano.a(libc_a-impure.o)
__sflush_r                                        c:/program files (custom)/arm-gnu-toolchain/bin/../lib/gcc/arm-none-eabi/12.2.1/thumb/v7-m/nofp\libc_nano.a(libc_a-fflush.o)
__sfp                                             c:/program files (custom)/arm-gnu-toolchain/bin/../lib/gcc/arm-none-eabi/12.2.1/thumb/v7-m/nofp\libc_nano.a(libc_a-findfp.o)
__sfp_lock_acquire                                c:/program files (custom)/arm-gnu-toolchain/bin/../lib/gcc/arm-none-eabi/12.2.1/thumb/v7-m/nofp\libc_nano.a(libc_a-findfp.o)
__sfp_lock_release                                c:/program files (custom)/arm-gnu-toolchain/bin/../lib/gcc/arm-none-eabi/12.2.1/thumb/v7-m/nofp\libc_nano.a(libc_a-findfp.o)
__sglue                                           c:/program files (custom)/arm-gnu-toolchain/bin/../lib/gcc/arm-none-eabi/12.2.1/thumb/v7-m/nofp\libc_nano.a(libc_a-findfp.o)
                                                  c:/program files (custom)/arm-gnu-toolchain/bin/../lib/gcc/arm-none-eabi/12.2.1/thumb/v7-m/nofp\libc_nano.a(libc_a-fflush.o)
__sigtramp                                        c:/program files (custom)/arm-gnu-toolchain/bin/../lib/gcc/arm-none-eabi/12.2.1/thumb/v7-m/nofp\libc_nano.a(libc_a-signal.o)
__sigtramp_r                                      c:/program files (custom)/arm-gnu-toolchain/bin/../lib/gcc/arm-none-eabi/12.2.1/thumb/v7-m/nofp\libc_nano.a(libc_a-signal.o)
__sinit                                           c:/program files (custom)/arm-gnu-toolchain/bin/../lib/gcc/arm-none-eabi/12.2.1/thumb/v7-m/nofp\libc_nano.a(libc_a-findfp.o)
                                                  c:/program files (custom)/arm-gnu-toolchain/bin/../lib/gcc/arm-none-eabi/12.2.1/thumb/v7-m/nofp\libc_nano.a(libc_a-fflush.o)
__sread                                           c:/program files (custom)/arm-gnu-toolchain/bin/../lib/gcc/arm-none-eabi/12.2.1/thumb/v7-m/nofp\libc_nano.a(libc_a-stdio.o)
                                                  c:/program files (custom)/arm-gnu-toolchain/bin/../lib/gcc/arm-none-eabi/12.2.1/thumb/v7-m/nofp\libc_nano.a(libc_a-findfp.o)
__sseek                                           c:/program files (custom)/arm-gnu-toolchain/bin/../lib/gcc/arm-none-eabi/12.2.1/thumb/v7-m/nofp\libc_nano.a(libc_a-stdio.o)
                                                  c:/program files (custom)/arm-gnu-toolchain/bin/../lib/gcc/arm-none-eabi/12.2.1/thumb/v7-m/nofp\libc_nano.a(libc_a-findfp.o)
__stack                                           c:/program files (custom)/arm-gnu-toolchain/bin/../lib/gcc/arm-none-eabi/12.2.1/thumb/v7-m/nofp/crt0.o
__stdio_exit_handler                              c:/program files (custom)/arm-gnu-toolchain/bin/../lib/gcc/arm-none-eabi/12.2.1/thumb/v7-m/nofp\libc_nano.a(libc_a-findfp.o)
                                                  c:/program files (custom)/arm-gnu-toolchain/bin/../lib/gcc/arm-none-eabi/12.2.1/thumb/v7-m/nofp\libc_nano.a(libc_a-exit.o)
__swrite                                          c:/program files (custom)/arm-gnu-toolchain/bin/../lib/gcc/arm-none-eabi/12.2.1/thumb/v7-m/nofp\libc_nano.a(libc_a-stdio.o)
                                                  c:/program files (custom)/arm-gnu-toolchain/bin/../lib/gcc/arm-none-eabi/12.2.1/thumb/v7-m/nofp\libc_nano.a(libc_a-findfp.o)
_close                                            c:/program files (custom)/arm-gnu-toolchain/bin/../lib/gcc/arm-none-eabi/12.2.1/thumb/v7-m/nofp\libc_nano.a(libc_a-closer.o)
_close_r                                          c:/program files (custom)/arm-gnu-toolchain/bin/../lib/gcc/arm-none-eabi/12.2.1/thumb/v7-m/nofp\libc_nano.a(libc_a-closer.o)
                                                  c:/program files (custom)/arm-gnu-toolchain/bin/../lib/gcc/arm-none-eabi/12.2.1/thumb/v7-m/nofp\libc_nano.a(libc_a-stdio.o)
_ebss                                             build/startup_stm32f103xb.o
_edata                                            build/startup_stm32f103xb.o
_estack                                           build/startup_stm32f103xb.o
_exit                                             c:/program files (custom)/arm-gnu-toolchain/bin/../lib/gcc/arm-none-eabi/12.2.1/thumb/v7-m/nofp\libc_nano.a(libc_a-abort.o)
                                                  c:/program files (custom)/arm-gnu-toolchain/bin/../lib/gcc/arm-none-eabi/12.2.1/thumb/v7-m/nofp\libc_nano.a(libc_a-exit.o)
_fflush_r                                         c:/program files (custom)/arm-gnu-toolchain/bin/../lib/gcc/arm-none-eabi/12.2.1/thumb/v7-m/nofp\libc_nano.a(libc_a-fflush.o)
                                                  c:/program files (custom)/arm-gnu-toolchain/bin/../lib/gcc/arm-none-eabi/12.2.1/thumb/v7-m/nofp\libc_nano.a(libc_a-findfp.o)
_fini                                             c:/program files (custom)/arm-gnu-toolchain/bin/../lib/gcc/arm-none-eabi/12.2.1/thumb/v7-m/nofp/crti.o
_free_r                                           c:/program files (custom)/arm-gnu-toolchain/bin/../lib/gcc/arm-none-eabi/12.2.1/thumb/v7-m/nofp\libc_nano.a(libc_a-freer.o)
                                                  c:/program files (custom)/arm-gnu-toolchain/bin/../lib/gcc/arm-none-eabi/12.2.1/thumb/v7-m/nofp\libc_nano.a(libc_a-fflush.o)
                                                  c:/program files (custom)/arm-gnu-toolchain/bin/../lib/gcc/arm-none-eabi/12.2.1/thumb/v7-m/nofp\libc_nano.a(libc_a-reent.o)
_fwalk_sglue                                      c:/program files (custom)/arm-gnu-toolchain/bin/../lib/gcc/arm-none-eabi/12.2.1/thumb/v7-m/nofp\libc_nano.a(libc_a-fwalk.o)
                                                  c:/program files (custom)/arm-gnu-toolchain/bin/../lib/gcc/arm-none-eabi/12.2.1/thumb/v7-m/nofp\libc_nano.a(libc_a-fflush.o)
                                                  c:/program files (custom)/arm-gnu-toolchain/bin/../lib/gcc/arm-none-eabi/12.2.1/thumb/v7-m/nofp\libc_nano.a(libc_a-findfp.o)
_getpid                                           c:/program files (custom)/arm-gnu-toolchain/bin/../lib/gcc/arm-none-eabi/12.2.1/thumb/v7-m/nofp\libc_nano.a(libc_a-signalr.o)
_getpid_r                                         c:/program files (custom)/arm-gnu-toolchain/bin/../lib/gcc/arm-none-eabi/12.2.1/thumb/v7-m/nofp\libc_nano.a(libc_a-signalr.o)
                                                  c:/program files (custom)/arm-gnu-toolchain/bin/../lib/gcc/arm-none-eabi/12.2.1/thumb/v7-m/nofp\libc_nano.a(libc_a-signal.o)
_impure_data                                      c:/program files (custom)/arm-gnu-toolchain/bin/../lib/gcc/arm-none-eabi/12.2.1/thumb/v7-m/nofp\libc_nano.a(libc_a-impure.o)
                                                  c:/program files (custom)/arm-gnu-toolchain/bin/../lib/gcc/arm-none-eabi/12.2.1/thumb/v7-m/nofp\libc_nano.a(libc_a-fflush.o)
                                                  c:/program files (custom)/arm-gnu-toolchain/bin/../lib/gcc/arm-none-eabi/12.2.1/thumb/v7-m/nofp\libc_nano.a(libc_a-findfp.o)
_impure_ptr                                       c:/program files (custom)/arm-gnu-toolchain/bin/../lib/gcc/arm-none-eabi/12.2.1/thumb/v7-m/nofp\libc_nano.a(libc_a-impure.o)
                                                  c:/program files (custom)/arm-gnu-toolchain/bin/../lib/gcc/arm-none-eabi/12.2.1/thumb/v7-m/nofp\libc_nano.a(libc_a-signal.o)
                                                  c:/program files (custom)/arm-gnu-toolchain/bin/../lib/gcc/arm-none-eabi/12.2.1/thumb/v7-m/nofp\libc_nano.a(libc_a-fflush.o)
                                                  c:/program files (custom)/arm-gnu-toolchain/bin/../lib/gcc/arm-none-eabi/12.2.1/thumb/v7-m/nofp\libc_nano.a(libc_a-reent.o)
_init                                             c:/program files (custom)/arm-gnu-toolchain/bin/../lib/gcc/arm-none-eabi/12.2.1/thumb/v7-m/nofp/crti.o
                                                  c:/program files (custom)/arm-gnu-toolchain/bin/../lib/gcc/arm-none-eabi/12.2.1/thumb/v7-m/nofp\libc_nano.a(libc_a-init.o)
_init_signal                                      c:/program files (custom)/arm-gnu-toolchain/bin/../lib/gcc/arm-none-eabi/12.2.1/thumb/v7-m/nofp\libc_nano.a(libc_a-signal.o)
_init_signal_r                                    c:/program files (custom)/arm-gnu-toolchain/bin/../lib/gcc/arm-none-eabi/12.2.1/thumb/v7-m/nofp\libc_nano.a(libc_a-signal.o)
_kill                                             c:/program files (custom)/arm-gnu-toolchain/bin/../lib/gcc/arm-none-eabi/12.2.1/thumb/v7-m/nofp\libc_nano.a(libc_a-signalr.o)
_kill_r                                           c:/program files (custom)/arm-gnu-toolchain/bin/../lib/gcc/arm-none-eabi/12.2.1/thumb/v7-m/nofp\libc_nano.a(libc_a-signalr.o)
                                                  c:/program files (custom)/arm-gnu-toolchain/bin/../lib/gcc/arm-none-eabi/12.2.1/thumb/v7-m/nofp\libc_nano.a(libc_a-signal.o)
_lseek                                            c:/program files (custom)/arm-gnu-toolchain/bin/../lib/gcc/arm-none-eabi/12.2.1/thumb/v7-m/nofp\libc_nano.a(libc_a-lseekr.o)
_lseek_r                                          c:/program files (custom)/arm-gnu-toolchain/bin/../lib/gcc/arm-none-eabi/12.2.1/thumb/v7-m/nofp\libc_nano.a(libc_a-lseekr.o)
                                                  c:/program files (custom)/arm-gnu-toolchain/bin/../lib/gcc/arm-none-eabi/12.2.1/thumb/v7-m/nofp\libc_nano.a(libc_a-stdio.o)
_mainCRTStartup                                   c:/program files (custom)/arm-gnu-toolchain/bin/../lib/gcc/arm-none-eabi/12.2.1/thumb/v7-m/nofp/crt0.o
_malloc_r                                         c:/program files (custom)/arm-gnu-toolchain/bin/../lib/gcc/arm-none-eabi/12.2.1/thumb/v7-m/nofp\libc_nano.a(libc_a-mallocr.o)
                                                  c:/program files (custom)/arm-gnu-toolchain/bin/../lib/gcc/arm-none-eabi/12.2.1/thumb/v7-m/nofp\libc_nano.a(libc_a-signal.o)
                                                  c:/program files (custom)/arm-gnu-toolchain/bin/../lib/gcc/arm-none-eabi/12.2.1/thumb/v7-m/nofp\libc_nano.a(libc_a-findfp.o)
_raise_r                                          c:/program files (custom)/arm-gnu-toolchain/bin/../lib/gcc/arm-none-eabi/12.2.1/thumb/v7-m/nofp\libc_nano.a(libc_a-signal.o)
_read                                             c:/program files (custom)/arm-gnu-toolchain/bin/../lib/gcc/arm-none-eabi/12.2.1/thumb/v7-m/nofp\libc_nano.a(libc_a-readr.o)
_read_r                                           c:/program files (custom)/arm-gnu-toolchain/bin/../lib/gcc/arm-none-eabi/12.2.1/thumb/v7-m/nofp\libc_nano.a(libc_a-readr.o)
                                                  c:/program files (custom)/arm-gnu-toolchain/bin/../lib/gcc/arm-none-eabi/12.2.1/thumb/v7-m/nofp\libc_nano.a(libc_a-stdio.o)